
-- Logs begin at Tue 2017-12-05 23:01:16 UTC, end at Wed 2017-12-06 16:18:23 UTC. --
Dec 05 23:01:16 RaspberryPi-Gateway systemd-journald[109]: Runtime journal (/run/log/journal/) is 2.0M, max 64.0M, 62.0M free.
-- Subject: Disk space used by the journal
-- Defined-By: systemd
-- Support: http://lists.freedesktop.org/mailman/listinfo/systemd-devel
-- 
-- Runtime journal (/run/log/journal/) is currently using 2.0M.
-- Maximum allowed usage is set to 64.0M.
-- Leaving at least 69.4M free (of currently available 460.6M of disk space).
-- Enforced usage limit is thus 64.0M, of which 62.0M are still available.
-- 
-- The limits controlling how much disk space is used by the journal may
-- be configured with SystemMaxUse=, SystemKeepFree=, SystemMaxFileSize=,
-- RuntimeMaxUse=, RuntimeKeepFree=, RuntimeMaxFileSize= settings in
-- /etc/systemd/journald.conf. See journald.conf(5) for details.
Dec 05 23:01:16 RaspberryPi-Gateway kernel: Booting Linux on physical CPU 0x0
Dec 05 23:01:16 RaspberryPi-Gateway kernel: Initializing cgroup subsys cpuset
Dec 05 23:01:16 RaspberryPi-Gateway kernel: Initializing cgroup subsys cpu
Dec 05 23:01:16 RaspberryPi-Gateway kernel: Initializing cgroup subsys cpuacct
Dec 05 23:01:16 RaspberryPi-Gateway kernel: Linux version 4.4.50 (andre@chippy1) (gcc version 6.4.0 (GCC) ) #1 SMP Thu Nov 23 01:18:20 PST 2017
Dec 05 23:01:16 RaspberryPi-Gateway kernel: CPU: ARMv7 Processor [410fd034] revision 4 (ARMv7), cr=10c5383d
Dec 05 23:01:16 RaspberryPi-Gateway kernel: CPU: PIPT / VIPT nonaliasing data cache, VIPT aliasing instruction cache
Dec 05 23:01:16 RaspberryPi-Gateway kernel: Machine model: Raspberry Pi 3 Model B Rev 1.2
Dec 05 23:01:16 RaspberryPi-Gateway kernel: cma: Reserved 8 MiB at 0x3a800000
Dec 05 23:01:16 RaspberryPi-Gateway kernel: Memory policy: Data cache writealloc
Dec 05 23:01:16 RaspberryPi-Gateway kernel: On node 0 totalpages: 241664
Dec 05 23:01:16 RaspberryPi-Gateway kernel: free_area_init_node: node 0, pgdat 808ecf40, node_mem_map b9fa6000
Dec 05 23:01:16 RaspberryPi-Gateway kernel:   Normal zone: 2124 pages used for memmap
Dec 05 23:01:16 RaspberryPi-Gateway kernel:   Normal zone: 0 pages reserved
Dec 05 23:01:16 RaspberryPi-Gateway kernel:   Normal zone: 241664 pages, LIFO batch:31
Dec 05 23:01:16 RaspberryPi-Gateway kernel: [bcm2709_smp_init_cpus] enter (9540->f3003010)
Dec 05 23:01:16 RaspberryPi-Gateway kernel: [bcm2709_smp_init_cpus] ncores=4
Dec 05 23:01:16 RaspberryPi-Gateway kernel: PERCPU: Embedded 13 pages/cpu @b9f62000 s22540 r8192 d22516 u53248
Dec 05 23:01:16 RaspberryPi-Gateway kernel: pcpu-alloc: s22540 r8192 d22516 u53248 alloc=13*4096
Dec 05 23:01:16 RaspberryPi-Gateway kernel: pcpu-alloc: [0] 0 [0] 1 [0] 2 [0] 3 
Dec 05 23:01:16 RaspberryPi-Gateway kernel: Built 1 zonelists in Zone order, mobility grouping on.  Total pages: 239540
Dec 05 23:01:16 RaspberryPi-Gateway kernel: Kernel command line: 8250.nr_uarts=1 bcm2708_fb.fbwidth=656 bcm2708_fb.fbheight=416 bcm2708_fb.fbswap=1 dma.dmachans=0x7f35 bcm2709.boardrev=0xa22082 bcm2709.serial=0x97016bd5 bcm2709.uart_clock=48000000 smsc95xx.macaddr=B8:27:EB:01:6B:D5 vc_mem.mem_base=0x3dc00000 vc_mem.mem_size=0x3f000000  dwc_otg.lpm_enable=0 console=ttyS0,115200 root=/dev/mmcblk0p2 rootfstype=ext4 rootwait None
Dec 05 23:01:16 RaspberryPi-Gateway kernel: PID hash table entries: 4096 (order: 2, 16384 bytes)
Dec 05 23:01:16 RaspberryPi-Gateway kernel: Dentry cache hash table entries: 131072 (order: 7, 524288 bytes)
Dec 05 23:01:16 RaspberryPi-Gateway kernel: Inode-cache hash table entries: 65536 (order: 6, 262144 bytes)
Dec 05 23:01:16 RaspberryPi-Gateway kernel: Memory: 938900K/966656K available (6363K kernel code, 432K rwdata, 1872K rodata, 472K init, 764K bss, 19564K reserved, 8192K cma-reserved)
Dec 05 23:01:16 RaspberryPi-Gateway kernel: Virtual kernel memory layout:
                                                vector  : 0xffff0000 - 0xffff1000   (   4 kB)
                                                fixmap  : 0xffc00000 - 0xfff00000   (3072 kB)
                                                vmalloc : 0xbb800000 - 0xff800000   (1088 MB)
                                                lowmem  : 0x80000000 - 0xbb000000   ( 944 MB)
                                                modules : 0x7f000000 - 0x80000000   (  16 MB)
                                                  .text : 0x80008000 - 0x80813098   (8237 kB)
                                                  .init : 0x80814000 - 0x8088a000   ( 472 kB)
                                                  .data : 0x8088a000 - 0x808f62a8   ( 433 kB)
                                                   .bss : 0x808f9000 - 0x809b8114   ( 765 kB)
Dec 05 23:01:16 RaspberryPi-Gateway kernel: SLUB: HWalign=64, Order=0-3, MinObjects=0, CPUs=4, Nodes=1
Dec 05 23:01:16 RaspberryPi-Gateway kernel: Hierarchical RCU implementation.
Dec 05 23:01:16 RaspberryPi-Gateway kernel:         Build-time adjustment of leaf fanout to 32.
Dec 05 23:01:16 RaspberryPi-Gateway kernel: NR_IRQS:16 nr_irqs:16 16
Dec 05 23:01:16 RaspberryPi-Gateway kernel: Architected cp15 timer(s) running at 19.20MHz (phys).
Dec 05 23:01:16 RaspberryPi-Gateway kernel: clocksource: arch_sys_counter: mask: 0xffffffffffffff max_cycles: 0x46d987e47, max_idle_ns: 440795202767 ns
Dec 05 23:01:16 RaspberryPi-Gateway kernel: sched_clock: 56 bits at 19MHz, resolution 52ns, wraps every 4398046511078ns
Dec 05 23:01:16 RaspberryPi-Gateway kernel: Switching to timer-based delay loop, resolution 52ns
Dec 05 23:01:16 RaspberryPi-Gateway kernel: Console: colour dummy device 80x30
Dec 05 23:01:16 RaspberryPi-Gateway kernel: Calibrating delay loop (skipped), value calculated using timer frequency.. 38.40 BogoMIPS (lpj=192000)
Dec 05 23:01:16 RaspberryPi-Gateway kernel: pid_max: default: 32768 minimum: 301
Dec 05 23:01:16 RaspberryPi-Gateway kernel: Mount-cache hash table entries: 2048 (order: 1, 8192 bytes)
Dec 05 23:01:16 RaspberryPi-Gateway kernel: Mountpoint-cache hash table entries: 2048 (order: 1, 8192 bytes)
Dec 05 23:01:16 RaspberryPi-Gateway kernel: Disabling cpuset control group subsystem
Dec 05 23:01:16 RaspberryPi-Gateway kernel: Initializing cgroup subsys io
Dec 05 23:01:16 RaspberryPi-Gateway kernel: Initializing cgroup subsys memory
Dec 05 23:01:16 RaspberryPi-Gateway kernel: Initializing cgroup subsys devices
Dec 05 23:01:16 RaspberryPi-Gateway kernel: Initializing cgroup subsys freezer
Dec 05 23:01:16 RaspberryPi-Gateway kernel: Initializing cgroup subsys net_cls
Dec 05 23:01:16 RaspberryPi-Gateway kernel: CPU: Testing write buffer coherency: ok
Dec 05 23:01:16 RaspberryPi-Gateway kernel: ftrace: allocating 21146 entries in 63 pages
Dec 05 23:01:16 RaspberryPi-Gateway kernel: CPU0: update cpu_capacity 1024
Dec 05 23:01:16 RaspberryPi-Gateway kernel: CPU0: thread -1, cpu 0, socket 0, mpidr 80000000
Dec 05 23:01:16 RaspberryPi-Gateway kernel: [bcm2709_smp_prepare_cpus] enter
Dec 05 23:01:16 RaspberryPi-Gateway kernel: Setting up static identity map for 0x8240 - 0x8274
Dec 05 23:01:16 RaspberryPi-Gateway kernel: [bcm2709_boot_secondary] cpu:1 started (0) 17
Dec 05 23:01:16 RaspberryPi-Gateway kernel: [bcm2709_secondary_init] enter cpu:1
Dec 05 23:01:16 RaspberryPi-Gateway kernel: CPU1: update cpu_capacity 1024
Dec 05 23:01:16 RaspberryPi-Gateway kernel: CPU1: thread -1, cpu 1, socket 0, mpidr 80000001
Dec 05 23:01:16 RaspberryPi-Gateway kernel: [bcm2709_boot_secondary] cpu:2 started (0) 18
Dec 05 23:01:16 RaspberryPi-Gateway kernel: [bcm2709_secondary_init] enter cpu:2
Dec 05 23:01:16 RaspberryPi-Gateway kernel: CPU2: update cpu_capacity 1024
Dec 05 23:01:16 RaspberryPi-Gateway kernel: CPU2: thread -1, cpu 2, socket 0, mpidr 80000002
Dec 05 23:01:16 RaspberryPi-Gateway kernel: [bcm2709_boot_secondary] cpu:3 started (0) 15
Dec 05 23:01:16 RaspberryPi-Gateway kernel: [bcm2709_secondary_init] enter cpu:3
Dec 05 23:01:16 RaspberryPi-Gateway kernel: CPU3: update cpu_capacity 1024
Dec 05 23:01:16 RaspberryPi-Gateway kernel: CPU3: thread -1, cpu 3, socket 0, mpidr 80000003
Dec 05 23:01:16 RaspberryPi-Gateway kernel: Brought up 4 CPUs
Dec 05 23:01:16 RaspberryPi-Gateway kernel: SMP: Total of 4 processors activated (153.60 BogoMIPS).
Dec 05 23:01:16 RaspberryPi-Gateway kernel: CPU: All CPU(s) started in HYP mode.
Dec 05 23:01:16 RaspberryPi-Gateway kernel: CPU: Virtualization extensions available.
Dec 05 23:01:16 RaspberryPi-Gateway kernel: devtmpfs: initialized
Dec 05 23:01:16 RaspberryPi-Gateway kernel: VFP support v0.3: implementor 41 architecture 3 part 40 variant 3 rev 4
Dec 05 23:01:16 RaspberryPi-Gateway kernel: clocksource: jiffies: mask: 0xffffffff max_cycles: 0xffffffff, max_idle_ns: 19112604462750000 ns
Dec 05 23:01:16 RaspberryPi-Gateway kernel: pinctrl core: initialized pinctrl subsystem
Dec 05 23:01:16 RaspberryPi-Gateway kernel: NET: Registered protocol family 16
Dec 05 23:01:16 RaspberryPi-Gateway kernel: DMA: preallocated 4096 KiB pool for atomic coherent allocations
Dec 05 23:01:16 RaspberryPi-Gateway kernel: bcm2709: Mini UART enabled
Dec 05 23:01:16 RaspberryPi-Gateway kernel: hw-breakpoint: found 5 (+1 reserved) breakpoint and 4 watchpoint registers.
Dec 05 23:01:16 RaspberryPi-Gateway kernel: hw-breakpoint: maximum watchpoint size is 8 bytes.
Dec 05 23:01:16 RaspberryPi-Gateway kernel: Serial: AMBA PL011 UART driver
Dec 05 23:01:16 RaspberryPi-Gateway kernel: uart-pl011 3f201000.uart: could not find pctldev for node /soc/gpio@7e200000/uart0_pins, deferring probe
Dec 05 23:01:16 RaspberryPi-Gateway kernel: bcm2835-mbox 3f00b880.mailbox: mailbox enabled
Dec 05 23:01:16 RaspberryPi-Gateway kernel: bcm2835-dma 3f007000.dma: DMA legacy API manager at f3007000, dmachans=0x1
Dec 05 23:01:16 RaspberryPi-Gateway kernel: SCSI subsystem initialized
Dec 05 23:01:16 RaspberryPi-Gateway kernel: usbcore: registered new interface driver usbfs
Dec 05 23:01:16 RaspberryPi-Gateway kernel: usbcore: registered new interface driver hub
Dec 05 23:01:16 RaspberryPi-Gateway kernel: usbcore: registered new device driver usb
Dec 05 23:01:16 RaspberryPi-Gateway kernel: raspberrypi-firmware soc:firmware: Attached to firmware from 2017-04-05 11:49
Dec 05 23:01:16 RaspberryPi-Gateway kernel: clocksource: Switched to clocksource arch_sys_counter
Dec 05 23:01:16 RaspberryPi-Gateway kernel: FS-Cache: Loaded
Dec 05 23:01:16 RaspberryPi-Gateway kernel: CacheFiles: Loaded
Dec 05 23:01:16 RaspberryPi-Gateway kernel: NET: Registered protocol family 2
Dec 05 23:01:16 RaspberryPi-Gateway kernel: TCP established hash table entries: 8192 (order: 3, 32768 bytes)
Dec 05 23:01:16 RaspberryPi-Gateway kernel: TCP bind hash table entries: 8192 (order: 4, 65536 bytes)
Dec 05 23:01:16 RaspberryPi-Gateway kernel: TCP: Hash tables configured (established 8192 bind 8192)
Dec 05 23:01:16 RaspberryPi-Gateway kernel: UDP hash table entries: 512 (order: 2, 16384 bytes)
Dec 05 23:01:16 RaspberryPi-Gateway kernel: UDP-Lite hash table entries: 512 (order: 2, 16384 bytes)
Dec 05 23:01:16 RaspberryPi-Gateway kernel: NET: Registered protocol family 1
Dec 05 23:01:16 RaspberryPi-Gateway kernel: RPC: Registered named UNIX socket transport module.
Dec 05 23:01:16 RaspberryPi-Gateway kernel: RPC: Registered udp transport module.
Dec 05 23:01:16 RaspberryPi-Gateway kernel: RPC: Registered tcp transport module.
Dec 05 23:01:16 RaspberryPi-Gateway kernel: RPC: Registered tcp NFSv4.1 backchannel transport module.
Dec 05 23:01:16 RaspberryPi-Gateway kernel: hw perfevents: enabled with armv7_cortex_a7 PMU driver, 7 counters available
Dec 05 23:01:16 RaspberryPi-Gateway kernel: futex hash table entries: 1024 (order: 4, 65536 bytes)
Dec 05 23:01:16 RaspberryPi-Gateway kernel: VFS: Disk quotas dquot_6.6.0
Dec 05 23:01:16 RaspberryPi-Gateway kernel: VFS: Dquot-cache hash table entries: 1024 (order 0, 4096 bytes)
Dec 05 23:01:16 RaspberryPi-Gateway kernel: FS-Cache: Netfs 'nfs' registered for caching
Dec 05 23:01:16 RaspberryPi-Gateway kernel: NFS: Registering the id_resolver key type
Dec 05 23:01:16 RaspberryPi-Gateway kernel: Key type id_resolver registered
Dec 05 23:01:16 RaspberryPi-Gateway kernel: Key type id_legacy registered
Dec 05 23:01:16 RaspberryPi-Gateway kernel: Block layer SCSI generic (bsg) driver version 0.4 loaded (major 252)
Dec 05 23:01:16 RaspberryPi-Gateway kernel: io scheduler noop registered
Dec 05 23:01:16 RaspberryPi-Gateway kernel: io scheduler deadline registered
Dec 05 23:01:16 RaspberryPi-Gateway kernel: io scheduler cfq registered (default)
Dec 05 23:01:16 RaspberryPi-Gateway kernel: BCM2708FB: allocated DMA memory fac10000
Dec 05 23:01:16 RaspberryPi-Gateway kernel: BCM2708FB: allocated DMA channel 0 @ f3007000
Dec 05 23:01:16 RaspberryPi-Gateway kernel: Console: switching to colour frame buffer device 82x26
Dec 05 23:01:16 RaspberryPi-Gateway kernel: Serial: 8250/16550 driver, 1 ports, IRQ sharing disabled
Dec 05 23:01:16 RaspberryPi-Gateway kernel: console [ttyS0] disabled
Dec 05 23:01:16 RaspberryPi-Gateway kernel: 3f215040.uart: ttyS0 at MMIO 0x3f215040 (irq = 59, base_baud = 31250000) is a 16550
Dec 05 23:01:16 RaspberryPi-Gateway kernel: console [ttyS0] enabled
Dec 05 23:01:16 RaspberryPi-Gateway kernel: bcm2835-rng 3f104000.rng: hwrng registered
Dec 05 23:01:16 RaspberryPi-Gateway kernel: vc-cma: Videocore CMA driver
Dec 05 23:01:16 RaspberryPi-Gateway kernel: vc-cma: vc_cma_base      = 0x00000000
Dec 05 23:01:16 RaspberryPi-Gateway kernel: vc-cma: vc_cma_size      = 0x00000000 (0 MiB)
Dec 05 23:01:16 RaspberryPi-Gateway kernel: vc-cma: vc_cma_initial   = 0x00000000 (0 MiB)
Dec 05 23:01:16 RaspberryPi-Gateway kernel: vc-mem: phys_addr:0x00000000 mem_base=0x3dc00000 mem_size:0x3f000000(1008 MiB)
Dec 05 23:01:16 RaspberryPi-Gateway kernel: brd: module loaded
Dec 05 23:01:16 RaspberryPi-Gateway kernel: loop: module loaded
Dec 05 23:01:16 RaspberryPi-Gateway kernel: vchiq: vchiq_init_state: slot_zero = 0xbac80000, is_master = 0
Dec 05 23:01:16 RaspberryPi-Gateway kernel: Loading iSCSI transport class v2.0-870.
Dec 05 23:01:16 RaspberryPi-Gateway kernel: usbcore: registered new interface driver smsc95xx
Dec 05 23:01:16 RaspberryPi-Gateway kernel: dwc_otg: version 3.00a 10-AUG-2012 (platform bus)
Dec 05 23:01:16 RaspberryPi-Gateway kernel: Core Release: 2.80a
Dec 05 23:01:16 RaspberryPi-Gateway kernel: Setting default values for core params
Dec 05 23:01:16 RaspberryPi-Gateway kernel: Finished setting default values for core params
Dec 05 23:01:16 RaspberryPi-Gateway kernel: Using Buffer DMA mode
Dec 05 23:01:16 RaspberryPi-Gateway kernel: Periodic Transfer Interrupt Enhancement - disabled
Dec 05 23:01:16 RaspberryPi-Gateway kernel: Multiprocessor Interrupt Enhancement - disabled
Dec 05 23:01:16 RaspberryPi-Gateway kernel: OTG VER PARAM: 0, OTG VER FLAG: 0
Dec 05 23:01:16 RaspberryPi-Gateway kernel: Dedicated Tx FIFOs mode
Dec 05 23:01:16 RaspberryPi-Gateway kernel: WARN::dwc_otg_hcd_init:1047: FIQ DMA bounce buffers: virt = 0xbac04000 dma = 0xfac04000 len=9024
Dec 05 23:01:16 RaspberryPi-Gateway kernel: FIQ FSM acceleration enabled for :
                                            Non-periodic Split Transactions
                                            Periodic Split Transactions
                                            High-Speed Isochronous Endpoints
                                            Interrupt/Control Split Transaction hack enabled
Dec 05 23:01:16 RaspberryPi-Gateway kernel: dwc_otg: Microframe scheduler enabled
Dec 05 23:01:16 RaspberryPi-Gateway kernel: WARN::hcd_init_fiq:415: FIQ on core 1 at 0x8044accc
Dec 05 23:01:16 RaspberryPi-Gateway kernel: WARN::hcd_init_fiq:416: FIQ ASM at 0x8044b02c length 36
Dec 05 23:01:16 RaspberryPi-Gateway kernel: WARN::hcd_init_fiq:441: MPHI regs_base at 0xbb87e000
Dec 05 23:01:16 RaspberryPi-Gateway kernel: dwc_otg 3f980000.usb: DWC OTG Controller
Dec 05 23:01:16 RaspberryPi-Gateway kernel: dwc_otg 3f980000.usb: new USB bus registered, assigned bus number 1
Dec 05 23:01:16 RaspberryPi-Gateway kernel: dwc_otg 3f980000.usb: irq 62, io mem 0x00000000
Dec 05 23:01:16 RaspberryPi-Gateway kernel: Init: Port Power? op_state=1
Dec 05 23:01:16 RaspberryPi-Gateway kernel: Init: Power Port (0)
Dec 05 23:01:16 RaspberryPi-Gateway kernel: usb usb1: New USB device found, idVendor=1d6b, idProduct=0002
Dec 05 23:01:16 RaspberryPi-Gateway kernel: usb usb1: New USB device strings: Mfr=3, Product=2, SerialNumber=1
Dec 05 23:01:16 RaspberryPi-Gateway kernel: usb usb1: Product: DWC OTG Controller
Dec 05 23:01:16 RaspberryPi-Gateway kernel: usb usb1: Manufacturer: Linux 4.4.50 dwc_otg_hcd
Dec 05 23:01:16 RaspberryPi-Gateway kernel: usb usb1: SerialNumber: 3f980000.usb
Dec 05 23:01:16 RaspberryPi-Gateway kernel: hub 1-0:1.0: USB hub found
Dec 05 23:01:16 RaspberryPi-Gateway kernel: hub 1-0:1.0: 1 port detected
Dec 05 23:01:16 RaspberryPi-Gateway kernel: dwc_otg: FIQ enabled
Dec 05 23:01:16 RaspberryPi-Gateway kernel: dwc_otg: NAK holdoff enabled
Dec 05 23:01:16 RaspberryPi-Gateway kernel: dwc_otg: FIQ split-transaction FSM enabled
Dec 05 23:01:16 RaspberryPi-Gateway kernel: Module dwc_common_port init
Dec 05 23:01:16 RaspberryPi-Gateway kernel: usbcore: registered new interface driver usb-storage
Dec 05 23:01:16 RaspberryPi-Gateway kernel: mousedev: PS/2 mouse device common for all mice
Dec 05 23:01:16 RaspberryPi-Gateway kernel: bcm2835-cpufreq: min=600000 max=1200000
Dec 05 23:01:16 RaspberryPi-Gateway kernel: sdhci: Secure Digital Host Controller Interface driver
Dec 05 23:01:16 RaspberryPi-Gateway kernel: sdhci: Copyright(c) Pierre Ossman
Dec 05 23:01:16 RaspberryPi-Gateway kernel: sdhost: log_buf @ bac07000 (fac07000)
Dec 05 23:01:16 RaspberryPi-Gateway kernel: mmc0: sdhost-bcm2835 loaded - DMA enabled (>1)
Dec 05 23:01:16 RaspberryPi-Gateway kernel: mmc-bcm2835 3f300000.mmc: mmc_debug:0 mmc_debug2:0
Dec 05 23:01:16 RaspberryPi-Gateway kernel: mmc-bcm2835 3f300000.mmc: DMA channel allocated
Dec 05 23:01:16 RaspberryPi-Gateway kernel: mmc0: host does not support reading read-only switch, assuming write-enable
Dec 05 23:01:16 RaspberryPi-Gateway kernel: sdhci-pltfm: SDHCI platform and OF driver helper
Dec 05 23:01:16 RaspberryPi-Gateway kernel: ledtrig-cpu: registered to indicate activity on CPUs
Dec 05 23:01:16 RaspberryPi-Gateway kernel: hidraw: raw HID events driver (C) Jiri Kosina
Dec 05 23:01:16 RaspberryPi-Gateway kernel: usbcore: registered new interface driver usbhid
Dec 05 23:01:16 RaspberryPi-Gateway kernel: usbhid: USB HID core driver
Dec 05 23:01:16 RaspberryPi-Gateway kernel: Initializing XFRM netlink socket
Dec 05 23:01:16 RaspberryPi-Gateway kernel: NET: Registered protocol family 17
Dec 05 23:01:16 RaspberryPi-Gateway kernel: Key type dns_resolver registered
Dec 05 23:01:16 RaspberryPi-Gateway kernel: Registering SWP/SWPB emulation handler
Dec 05 23:01:16 RaspberryPi-Gateway kernel: registered taskstats version 1
Dec 05 23:01:16 RaspberryPi-Gateway kernel: vc-sm: Videocore shared memory driver
Dec 05 23:01:16 RaspberryPi-Gateway kernel: [vc_sm_connected_init]: start
Dec 05 23:01:16 RaspberryPi-Gateway kernel: [vc_sm_connected_init]: end - returning 0
Dec 05 23:01:16 RaspberryPi-Gateway kernel: 3f201000.uart: ttyAMA0 at MMIO 0x3f201000 (irq = 87, base_baud = 0) is a PL011 rev2
Dec 05 23:01:16 RaspberryPi-Gateway kernel: of_cfs_init
Dec 05 23:01:16 RaspberryPi-Gateway kernel: of_cfs_init: OK
Dec 05 23:01:16 RaspberryPi-Gateway kernel: Indeed it is in host mode hprt0 = 00021501
Dec 05 23:01:16 RaspberryPi-Gateway kernel: mmc0: new high speed SDHC card at address 0001
Dec 05 23:01:16 RaspberryPi-Gateway kernel: mmcblk0: mmc0:0001 EB1QT 29.8 GiB
Dec 05 23:01:16 RaspberryPi-Gateway kernel:  mmcblk0: p1 p2
Dec 05 23:01:16 RaspberryPi-Gateway kernel: EXT4-fs (mmcblk0p2): mounted filesystem with ordered data mode. Opts: (null)
Dec 05 23:01:16 RaspberryPi-Gateway kernel: VFS: Mounted root (ext4 filesystem) readonly on device 179:2.
Dec 05 23:01:16 RaspberryPi-Gateway kernel: mmc1: queuing unknown CIS tuple 0x80 (2 bytes)
Dec 05 23:01:16 RaspberryPi-Gateway kernel: mmc1: queuing unknown CIS tuple 0x80 (3 bytes)
Dec 05 23:01:16 RaspberryPi-Gateway kernel: mmc1: queuing unknown CIS tuple 0x80 (3 bytes)
Dec 05 23:01:16 RaspberryPi-Gateway kernel: mmc1: queuing unknown CIS tuple 0x80 (7 bytes)
Dec 05 23:01:16 RaspberryPi-Gateway kernel: devtmpfs: mounted
Dec 05 23:01:16 RaspberryPi-Gateway kernel: Freeing unused kernel memory: 472K (80814000 - 8088a000)
Dec 05 23:01:16 RaspberryPi-Gateway kernel: mmc1: new high speed SDIO card at address 0001
Dec 05 23:01:16 RaspberryPi-Gateway kernel: usb 1-1: new high-speed USB device number 2 using dwc_otg
Dec 05 23:01:16 RaspberryPi-Gateway kernel: Indeed it is in host mode hprt0 = 00001101
Dec 05 23:01:16 RaspberryPi-Gateway systemd[1]: System time before build time, advancing clock.
Dec 05 23:01:16 RaspberryPi-Gateway kernel: usb 1-1: New USB device found, idVendor=0424, idProduct=9514
Dec 05 23:01:16 RaspberryPi-Gateway kernel: usb 1-1: New USB device strings: Mfr=0, Product=0, SerialNumber=0
Dec 05 23:01:16 RaspberryPi-Gateway kernel: hub 1-1:1.0: USB hub found
Dec 05 23:01:16 RaspberryPi-Gateway kernel: hub 1-1:1.0: 5 ports detected
Dec 05 23:01:16 RaspberryPi-Gateway kernel: NET: Registered protocol family 10
Dec 05 23:01:16 RaspberryPi-Gateway kernel: random: systemd: uninitialized urandom read (16 bytes read, 47 bits of entropy available)
Dec 05 23:01:16 RaspberryPi-Gateway systemd[1]: systemd 230 running in system mode. (+PAM -AUDIT -SELINUX +IMA -APPARMOR +SMACK +SYSVINIT +UTMP -LIBCRYPTSETUP -GCRYPT +GNUTLS +ACL +XZ -LZ4 -SECCOMP +BLKID -ELFUTILS +KMOD -IDN)
Dec 05 23:01:16 RaspberryPi-Gateway systemd[1]: Detected architecture arm.
Dec 05 23:01:16 RaspberryPi-Gateway systemd[1]: Set hostname to <RaspberryPi-Gateway>.
Dec 05 23:01:16 RaspberryPi-Gateway kernel: random: systemd: uninitialized urandom read (16 bytes read, 59 bits of entropy available)
Dec 05 23:01:16 RaspberryPi-Gateway kernel: random: systemd-gpt-aut: uninitialized urandom read (16 bytes read, 61 bits of entropy available)
Dec 05 23:01:16 RaspberryPi-Gateway kernel: random: systemd-sysv-ge: uninitialized urandom read (16 bytes read, 62 bits of entropy available)
Dec 05 23:01:16 RaspberryPi-Gateway kernel: random: systemd-gpt-aut: uninitialized urandom read (16 bytes read, 64 bits of entropy available)
Dec 05 23:01:16 RaspberryPi-Gateway kernel: random: systemd: uninitialized urandom read (16 bytes read, 67 bits of entropy available)
Dec 05 23:01:16 RaspberryPi-Gateway kernel: random: systemd: uninitialized urandom read (16 bytes read, 67 bits of entropy available)
Dec 05 23:01:16 RaspberryPi-Gateway kernel: usb 1-1.1: new high-speed USB device number 3 using dwc_otg
Dec 05 23:01:16 RaspberryPi-Gateway kernel: random: systemd: uninitialized urandom read (16 bytes read, 67 bits of entropy available)
Dec 05 23:01:16 RaspberryPi-Gateway kernel: random: systemd: uninitialized urandom read (16 bytes read, 67 bits of entropy available)
Dec 05 23:01:16 RaspberryPi-Gateway kernel: random: systemd: uninitialized urandom read (16 bytes read, 67 bits of entropy available)
Dec 05 23:01:16 RaspberryPi-Gateway kernel: usb 1-1.1: New USB device found, idVendor=0424, idProduct=ec00
Dec 05 23:01:16 RaspberryPi-Gateway kernel: usb 1-1.1: New USB device strings: Mfr=0, Product=0, SerialNumber=0
Dec 05 23:01:16 RaspberryPi-Gateway kernel: smsc95xx v1.0.4
Dec 05 23:01:16 RaspberryPi-Gateway kernel: smsc95xx 1-1.1:1.0 eth0: register 'smsc95xx' at usb-3f980000.usb-1.1, smsc95xx USB 2.0 Ethernet, b8:27:eb:01:6b:d5
Dec 05 23:01:16 RaspberryPi-Gateway systemd[1]: Listening on Journal Socket.
Dec 05 23:01:16 RaspberryPi-Gateway systemd[1]: Listening on Journal Socket (/dev/log).
Dec 05 23:01:16 RaspberryPi-Gateway systemd[1]: Reached target Network.
Dec 05 23:01:16 RaspberryPi-Gateway systemd[1]: Reached target Remote File Systems.
Dec 05 23:01:16 RaspberryPi-Gateway systemd[1]: Created slice User and Session Slice.
Dec 05 23:01:16 RaspberryPi-Gateway systemd[1]: Started Dispatch Password Requests to Console Directory Watch.
Dec 05 23:01:16 RaspberryPi-Gateway systemd[1]: Listening on Syslog Socket.
Dec 05 23:01:16 RaspberryPi-Gateway systemd[1]: Listening on udev Kernel Socket.
Dec 05 23:01:16 RaspberryPi-Gateway kernel: usb 1-1.5: new high-speed USB device number 4 using dwc_otg
Dec 05 23:01:16 RaspberryPi-Gateway systemd[1]: Reached target Swap.
Dec 05 23:01:16 RaspberryPi-Gateway systemd[1]: Started Forward Password Requests to Wall Directory Watch.
Dec 05 23:01:16 RaspberryPi-Gateway systemd[1]: Listening on udev Control Socket.
Dec 05 23:01:16 RaspberryPi-Gateway systemd[1]: Created slice System Slice.
Dec 05 23:01:16 RaspberryPi-Gateway kernel: usb 1-1.5: New USB device found, idVendor=13b1, idProduct=0041
Dec 05 23:01:16 RaspberryPi-Gateway kernel: usb 1-1.5: New USB device strings: Mfr=1, Product=2, SerialNumber=6
Dec 05 23:01:16 RaspberryPi-Gateway kernel: usb 1-1.5: Product: Linksys USB3GIGV1
Dec 05 23:01:16 RaspberryPi-Gateway kernel: usb 1-1.5: Manufacturer: Linksys
Dec 05 23:01:16 RaspberryPi-Gateway kernel: usb 1-1.5: SerialNumber: 000001000000
Dec 05 23:01:16 RaspberryPi-Gateway systemd[1]: Mounting Debug File System...
Dec 05 23:01:16 RaspberryPi-Gateway systemd[1]: Starting Journal Service...
Dec 05 23:01:16 RaspberryPi-Gateway systemd[1]: Mounting Temporary Directory...
Dec 05 23:01:16 RaspberryPi-Gateway systemd[1]: Created slice system-serial\x2dgetty.slice.
Dec 05 23:01:16 RaspberryPi-Gateway systemd-journald[109]: Journal started
-- Subject: The journal has been started
-- Defined-By: systemd
-- Support: http://lists.freedesktop.org/mailman/listinfo/systemd-devel
-- 
-- The system journal process has started up, opened the journal
-- files for writing and is now ready to process requests.
Dec 05 23:01:16 RaspberryPi-Gateway systemd[1]: Mounting POSIX Message Queue File System...
Dec 05 23:01:16 RaspberryPi-Gateway systemd[1]: Created slice system-getty.slice.
Dec 05 23:01:16 RaspberryPi-Gateway systemd[1]: Mounting Configuration File System...
Dec 05 23:01:16 RaspberryPi-Gateway systemd[1]: Starting Setup Virtual Console...
Dec 05 23:01:16 RaspberryPi-Gateway systemd[1]: Starting Apply Kernel Variables...
Dec 05 23:01:16 RaspberryPi-Gateway systemd-sysctl[123]: Couldn't write '90' to 'net/ipv4/netfilter/ip_conntrack_udp_timeout', ignoring: No such file or directory
Dec 05 23:01:16 RaspberryPi-Gateway systemd[1]: Starting Remount Root and Kernel File Systems...
Dec 05 23:01:16 RaspberryPi-Gateway kernel: EXT4-fs (mmcblk0p2): re-mounted. Opts: (null)
Dec 05 23:01:16 RaspberryPi-Gateway systemd[1]: Starting Create list of required static device nodes for the current kernel...
Dec 05 23:01:16 RaspberryPi-Gateway systemd[1]: Reached target Slices.
Dec 05 23:01:16 RaspberryPi-Gateway systemd[1]: Listening on /dev/initctl Compatibility Named Pipe.
Dec 05 23:01:16 RaspberryPi-Gateway systemd[1]: Mounted Debug File System.
Dec 05 23:01:16 RaspberryPi-Gateway systemd[1]: Mounted POSIX Message Queue File System.
Dec 05 23:01:16 RaspberryPi-Gateway systemd[1]: Mounted Configuration File System.
Dec 05 23:01:16 RaspberryPi-Gateway systemd[1]: Mounted Temporary Directory.
Dec 05 23:01:16 RaspberryPi-Gateway systemd[1]: Started Journal Service.
Dec 05 23:01:16 RaspberryPi-Gateway systemd[1]: Started Setup Virtual Console.
-- Subject: Unit systemd-vconsole-setup.service has finished start-up
-- Defined-By: systemd
-- Support: http://lists.freedesktop.org/mailman/listinfo/systemd-devel
-- 
-- Unit systemd-vconsole-setup.service has finished starting up.
-- 
-- The start-up result is done.
Dec 05 23:01:16 RaspberryPi-Gateway systemd[1]: Started Apply Kernel Variables.
-- Subject: Unit systemd-sysctl.service has finished start-up
-- Defined-By: systemd
-- Support: http://lists.freedesktop.org/mailman/listinfo/systemd-devel
-- 
-- Unit systemd-sysctl.service has finished starting up.
-- 
-- The start-up result is done.
Dec 05 23:01:16 RaspberryPi-Gateway systemd[1]: Started Remount Root and Kernel File Systems.
-- Subject: Unit systemd-remount-fs.service has finished start-up
-- Defined-By: systemd
-- Support: http://lists.freedesktop.org/mailman/listinfo/systemd-devel
-- 
-- Unit systemd-remount-fs.service has finished starting up.
-- 
-- The start-up result is done.
Dec 05 23:01:16 RaspberryPi-Gateway systemd[1]: Started Create list of required static device nodes for the current kernel.
-- Subject: Unit kmod-static-nodes.service has finished start-up
-- Defined-By: systemd
-- Support: http://lists.freedesktop.org/mailman/listinfo/systemd-devel
-- 
-- Unit kmod-static-nodes.service has finished starting up.
-- 
-- The start-up result is done.
Dec 05 23:01:16 RaspberryPi-Gateway systemd[1]: Starting Create Static Device Nodes in /dev...
-- Subject: Unit systemd-tmpfiles-setup-dev.service has begun start-up
-- Defined-By: systemd
-- Support: http://lists.freedesktop.org/mailman/listinfo/systemd-devel
-- 
-- Unit systemd-tmpfiles-setup-dev.service has begun starting up.
Dec 05 23:01:16 RaspberryPi-Gateway systemd[1]: Starting udev Coldplug all Devices...
-- Subject: Unit systemd-udev-trigger.service has begun start-up
-- Defined-By: systemd
-- Support: http://lists.freedesktop.org/mailman/listinfo/systemd-devel
-- 
-- Unit systemd-udev-trigger.service has begun starting up.
Dec 05 23:01:16 RaspberryPi-Gateway systemd[1]: Starting Load/Save Random Seed...
-- Subject: Unit systemd-random-seed.service has begun start-up
-- Defined-By: systemd
-- Support: http://lists.freedesktop.org/mailman/listinfo/systemd-devel
-- 
-- Unit systemd-random-seed.service has begun starting up.
Dec 05 23:01:16 RaspberryPi-Gateway systemd[1]: Starting Flush Journal to Persistent Storage...
-- Subject: Unit systemd-journal-flush.service has begun start-up
-- Defined-By: systemd
-- Support: http://lists.freedesktop.org/mailman/listinfo/systemd-devel
-- 
-- Unit systemd-journal-flush.service has begun starting up.
Dec 05 23:01:16 RaspberryPi-Gateway systemd[1]: Started Create Static Device Nodes in /dev.
-- Subject: Unit systemd-tmpfiles-setup-dev.service has finished start-up
-- Defined-By: systemd
-- Support: http://lists.freedesktop.org/mailman/listinfo/systemd-devel
-- 
-- Unit systemd-tmpfiles-setup-dev.service has finished starting up.
-- 
-- The start-up result is done.
Dec 05 23:01:16 RaspberryPi-Gateway systemd[1]: Started Load/Save Random Seed.
-- Subject: Unit systemd-random-seed.service has finished start-up
-- Defined-By: systemd
-- Support: http://lists.freedesktop.org/mailman/listinfo/systemd-devel
-- 
-- Unit systemd-random-seed.service has finished starting up.
-- 
-- The start-up result is done.
Dec 05 23:01:16 RaspberryPi-Gateway systemd[1]: Reached target Local File Systems (Pre).
-- Subject: Unit local-fs-pre.target has finished start-up
-- Defined-By: systemd
-- Support: http://lists.freedesktop.org/mailman/listinfo/systemd-devel
-- 
-- Unit local-fs-pre.target has finished starting up.
-- 
-- The start-up result is done.
Dec 05 23:01:16 RaspberryPi-Gateway systemd[1]: Mounting /var/volatile...
-- Subject: Unit var-volatile.mount has begun start-up
-- Defined-By: systemd
-- Support: http://lists.freedesktop.org/mailman/listinfo/systemd-devel
-- 
-- Unit var-volatile.mount has begun starting up.
Dec 05 23:01:16 RaspberryPi-Gateway systemd[1]: Starting udev Kernel Device Manager...
-- Subject: Unit systemd-udevd.service has begun start-up
-- Defined-By: systemd
-- Support: http://lists.freedesktop.org/mailman/listinfo/systemd-devel
-- 
-- Unit systemd-udevd.service has begun starting up.
Dec 05 23:01:16 RaspberryPi-Gateway systemd[1]: Mounted /var/volatile.
-- Subject: Unit var-volatile.mount has finished start-up
-- Defined-By: systemd
-- Support: http://lists.freedesktop.org/mailman/listinfo/systemd-devel
-- 
-- Unit var-volatile.mount has finished starting up.
-- 
-- The start-up result is done.
Dec 05 23:01:16 RaspberryPi-Gateway systemd[1]: Reached target Local File Systems.
-- Subject: Unit local-fs.target has finished start-up
-- Defined-By: systemd
-- Support: http://lists.freedesktop.org/mailman/listinfo/systemd-devel
-- 
-- Unit local-fs.target has finished starting up.
-- 
-- The start-up result is done.
Dec 05 23:01:16 RaspberryPi-Gateway systemd[1]: Started Flush Journal to Persistent Storage.
-- Subject: Unit systemd-journal-flush.service has finished start-up
-- Defined-By: systemd
-- Support: http://lists.freedesktop.org/mailman/listinfo/systemd-devel
-- 
-- Unit systemd-journal-flush.service has finished starting up.
-- 
-- The start-up result is done.
Dec 05 23:01:16 RaspberryPi-Gateway systemd[1]: Started udev Kernel Device Manager.
-- Subject: Unit systemd-udevd.service has finished start-up
-- Defined-By: systemd
-- Support: http://lists.freedesktop.org/mailman/listinfo/systemd-devel
-- 
-- Unit systemd-udevd.service has finished starting up.
-- 
-- The start-up result is done.
Dec 05 23:01:17 RaspberryPi-Gateway mtp-probe[164]: checking bus 1, device 4: "/sys/devices/platform/soc/3f980000.usb/usb1/1-1/1-1.5"
Dec 05 23:01:17 RaspberryPi-Gateway mtp-probe[164]: bus: 1, device: 4 was not an MTP device
Dec 05 23:01:17 RaspberryPi-Gateway systemd[1]: Starting Create Volatile Files and Directories...
-- Subject: Unit systemd-tmpfiles-setup.service has begun start-up
-- Defined-By: systemd
-- Support: http://lists.freedesktop.org/mailman/listinfo/systemd-devel
-- 
-- Unit systemd-tmpfiles-setup.service has begun starting up.
Dec 05 23:01:17 RaspberryPi-Gateway kernel: cdc_ether 1-1.5:2.0 eth1: register 'cdc_ether' at usb-3f980000.usb-1.5, CDC Ethernet Device, 94:10:3e:b8:fe:9d
Dec 05 23:01:17 RaspberryPi-Gateway kernel: usbcore: registered new interface driver cdc_ether
Dec 05 23:01:17 RaspberryPi-Gateway systemd-tmpfiles[177]: "/var/tmp" already exists and is not a directory.
Dec 05 23:01:17 RaspberryPi-Gateway systemd-tmpfiles[177]: "/var/log" already exists and is not a directory.
Dec 05 23:01:17 RaspberryPi-Gateway systemd[1]: Started Create Volatile Files and Directories.
-- Subject: Unit systemd-tmpfiles-setup.service has finished start-up
-- Defined-By: systemd
-- Support: http://lists.freedesktop.org/mailman/listinfo/systemd-devel
-- 
-- Unit systemd-tmpfiles-setup.service has finished starting up.
-- 
-- The start-up result is done.
Dec 05 23:01:17 RaspberryPi-Gateway systemd[1]: Starting Network Time Synchronization...
-- Subject: Unit systemd-timesyncd.service has begun start-up
-- Defined-By: systemd
-- Support: http://lists.freedesktop.org/mailman/listinfo/systemd-devel
-- 
-- Unit systemd-timesyncd.service has begun starting up.
Dec 05 23:01:17 RaspberryPi-Gateway systemd[1]: Starting Update UTMP about System Boot/Shutdown...
-- Subject: Unit systemd-update-utmp.service has begun start-up
-- Defined-By: systemd
-- Support: http://lists.freedesktop.org/mailman/listinfo/systemd-devel
-- 
-- Unit systemd-update-utmp.service has begun starting up.
Dec 05 23:01:17 RaspberryPi-Gateway systemd[1]: Started udev Coldplug all Devices.
-- Subject: Unit systemd-udev-trigger.service has finished start-up
-- Defined-By: systemd
-- Support: http://lists.freedesktop.org/mailman/listinfo/systemd-devel
-- 
-- Unit systemd-udev-trigger.service has finished starting up.
-- 
-- The start-up result is done.
Dec 05 23:01:17 RaspberryPi-Gateway kernel: lirc_dev: IR Remote Control driver registered, major 244 
Dec 05 23:01:17 RaspberryPi-Gateway systemd[1]: Started Update UTMP about System Boot/Shutdown.
-- Subject: Unit systemd-update-utmp.service has finished start-up
-- Defined-By: systemd
-- Support: http://lists.freedesktop.org/mailman/listinfo/systemd-devel
-- 
-- Unit systemd-update-utmp.service has finished starting up.
-- 
-- The start-up result is done.
Dec 05 23:01:17 RaspberryPi-Gateway kernel: gpiomem-bcm2835 3f200000.gpiomem: Initialised: Registers at 0x3f200000
Dec 05 23:01:17 RaspberryPi-Gateway systemd[1]: Found device /dev/ttyAMA0.
-- Subject: Unit dev-ttyAMA0.device has finished start-up
-- Defined-By: systemd
-- Support: http://lists.freedesktop.org/mailman/listinfo/systemd-devel
-- 
-- Unit dev-ttyAMA0.device has finished starting up.
-- 
-- The start-up result is done.
Dec 05 23:01:17 RaspberryPi-Gateway kernel: bcm2835-wdt 3f100000.watchdog: Broadcom BCM2835 watchdog timer
Dec 05 23:01:17 RaspberryPi-Gateway kernel: lirc_rpi: module is from the staging directory, the quality is unknown, you have been warned.
Dec 05 23:01:17 RaspberryPi-Gateway systemd[1]: Found device /dev/ttyS0.
-- Subject: Unit dev-ttyS0.device has finished start-up
-- Defined-By: systemd
-- Support: http://lists.freedesktop.org/mailman/listinfo/systemd-devel
-- 
-- Unit dev-ttyS0.device has finished starting up.
-- 
-- The start-up result is done.
Dec 05 23:01:17 RaspberryPi-Gateway mtp-probe[203]: checking bus 1, device 4: "/sys/devices/platform/soc/3f980000.usb/usb1/1-1/1-1.5"
Dec 05 23:01:17 RaspberryPi-Gateway mtp-probe[203]: bus: 1, device: 4 was not an MTP device
Dec 05 23:01:17 RaspberryPi-Gateway mtp-probe[204]: checking bus 1, device 3: "/sys/devices/platform/soc/3f980000.usb/usb1/1-1/1-1.1"
Dec 05 23:01:17 RaspberryPi-Gateway mtp-probe[204]: bus: 1, device: 3 was not an MTP device
Dec 05 23:01:17 RaspberryPi-Gateway systemd-timesyncd[185]: System clock time unset or jumped backwards, restoring from recorded timestamp: Wed 2017-12-06 16:16:17 UTC
Dec 06 16:16:17 RaspberryPi-Gateway systemd[1]: Time has been changed
-- Subject: Time change
-- Defined-By: systemd
-- Support: http://lists.freedesktop.org/mailman/listinfo/systemd-devel
-- 
-- The system clock has been changed to REALTIME microseconds after January 1st, 1970.
Dec 06 16:16:17 RaspberryPi-Gateway systemd[1]: Started Network Time Synchronization.
-- Subject: Unit systemd-timesyncd.service has finished start-up
-- Defined-By: systemd
-- Support: http://lists.freedesktop.org/mailman/listinfo/systemd-devel
-- 
-- Unit systemd-timesyncd.service has finished starting up.
-- 
-- The start-up result is done.
Dec 06 16:16:17 RaspberryPi-Gateway kernel: random: nonblocking pool is initialized
Dec 06 16:16:17 RaspberryPi-Gateway systemd[1]: Reached target System Time Synchronized.
-- Subject: Unit time-sync.target has finished start-up
-- Defined-By: systemd
-- Support: http://lists.freedesktop.org/mailman/listinfo/systemd-devel
-- 
-- Unit time-sync.target has finished starting up.
-- 
-- The start-up result is done.
Dec 06 16:16:17 RaspberryPi-Gateway kernel: usbcore: registered new interface driver brcmfmac
Dec 06 16:16:17 RaspberryPi-Gateway systemd[1]: Reached target System Initialization.
-- Subject: Unit sysinit.target has finished start-up
-- Defined-By: systemd
-- Support: http://lists.freedesktop.org/mailman/listinfo/systemd-devel
-- 
-- Unit sysinit.target has finished starting up.
-- 
-- The start-up result is done.
Dec 06 16:16:17 RaspberryPi-Gateway systemd[1]: Started Daily Cleanup of Temporary Directories.
-- Subject: Unit systemd-tmpfiles-clean.timer has finished start-up
-- Defined-By: systemd
-- Support: http://lists.freedesktop.org/mailman/listinfo/systemd-devel
-- 
-- Unit systemd-tmpfiles-clean.timer has finished starting up.
-- 
-- The start-up result is done.
Dec 06 16:16:17 RaspberryPi-Gateway systemd[1]: Reached target Timers.
-- Subject: Unit timers.target has finished start-up
-- Defined-By: systemd
-- Support: http://lists.freedesktop.org/mailman/listinfo/systemd-devel
-- 
-- Unit timers.target has finished starting up.
-- 
-- The start-up result is done.
Dec 06 16:16:17 RaspberryPi-Gateway systemd[1]: Started Check RPI Wifi Support Initialized Path.
-- Subject: Unit checkrpiwifisupport.path has finished start-up
-- Defined-By: systemd
-- Support: http://lists.freedesktop.org/mailman/listinfo/systemd-devel
-- 
-- Unit checkrpiwifisupport.path has finished starting up.
-- 
-- The start-up result is done.
Dec 06 16:16:17 RaspberryPi-Gateway systemd[1]: Listening on D-Bus System Message Bus Socket.
-- Subject: Unit dbus.socket has finished start-up
-- Defined-By: systemd
-- Support: http://lists.freedesktop.org/mailman/listinfo/systemd-devel
-- 
-- Unit dbus.socket has finished starting up.
-- 
-- The start-up result is done.
Dec 06 16:16:17 RaspberryPi-Gateway kernel: brcmfmac: brcmf_c_preinit_dcmds: Firmware version = wl0: Aug 29 2016 20:48:16 version 7.45.41.26 (r640327) FWID 01-4527cfab
Dec 06 16:16:17 RaspberryPi-Gateway systemd[1]: Started RPI WIFI Initialized Path.
-- Subject: Unit rpiwifiinitialized.path has finished start-up
-- Defined-By: systemd
-- Support: http://lists.freedesktop.org/mailman/listinfo/systemd-devel
-- 
-- Unit rpiwifiinitialized.path has finished starting up.
-- 
-- The start-up result is done.
Dec 06 16:16:17 RaspberryPi-Gateway kernel: brcmfmac: brcmf_cfg80211_reg_notifier: not a ISO3166 code
Dec 06 16:16:17 RaspberryPi-Gateway systemd[1]: Listening on RPCbind Server Activation Socket.
-- Subject: Unit rpcbind.socket has finished start-up
-- Defined-By: systemd
-- Support: http://lists.freedesktop.org/mailman/listinfo/systemd-devel
-- 
-- Unit rpcbind.socket has finished starting up.
-- 
-- The start-up result is done.
Dec 06 16:16:17 RaspberryPi-Gateway systemd[1]: Reached target Sockets.
-- Subject: Unit sockets.target has finished start-up
-- Defined-By: systemd
-- Support: http://lists.freedesktop.org/mailman/listinfo/systemd-devel
-- 
-- Unit sockets.target has finished starting up.
-- 
-- The start-up result is done.
Dec 06 16:16:17 RaspberryPi-Gateway systemd[1]: Started CcspCrSsp Restart Occurred Path.
-- Subject: Unit crResetDetect.path has finished start-up
-- Defined-By: systemd
-- Support: http://lists.freedesktop.org/mailman/listinfo/systemd-devel
-- 
-- Unit crResetDetect.path has finished starting up.
-- 
-- The start-up result is done.
Dec 06 16:16:17 RaspberryPi-Gateway systemd[1]: Started WiFi Initialized Path.
-- Subject: Unit wifiinitialized.path has finished start-up
-- Defined-By: systemd
-- Support: http://lists.freedesktop.org/mailman/listinfo/systemd-devel
-- 
-- Unit wifiinitialized.path has finished starting up.
-- 
-- The start-up result is done.
Dec 06 16:16:17 RaspberryPi-Gateway systemd[1]: Reached target Paths.
-- Subject: Unit paths.target has finished start-up
-- Defined-By: systemd
-- Support: http://lists.freedesktop.org/mailman/listinfo/systemd-devel
-- 
-- Unit paths.target has finished starting up.
-- 
-- The start-up result is done.
Dec 06 16:16:17 RaspberryPi-Gateway systemd[1]: Reached target Basic System.
-- Subject: Unit basic.target has finished start-up
-- Defined-By: systemd
-- Support: http://lists.freedesktop.org/mailman/listinfo/systemd-devel
-- 
-- Unit basic.target has finished starting up.
-- 
-- The start-up result is done.
Dec 06 16:16:17 RaspberryPi-Gateway systemd[1]: Starting Login Service...
-- Subject: Unit systemd-logind.service has begun start-up
-- Defined-By: systemd
-- Support: http://lists.freedesktop.org/mailman/listinfo/systemd-devel
-- 
-- Unit systemd-logind.service has begun starting up.
Dec 06 16:16:17 RaspberryPi-Gateway systemd[1]: Started Gwprovapp service.
-- Subject: Unit gwprovapp.service has finished start-up
-- Defined-By: systemd
-- Support: http://lists.freedesktop.org/mailman/listinfo/systemd-devel
-- 
-- Unit gwprovapp.service has finished starting up.
-- 
-- The start-up result is done.
Dec 06 16:16:17 RaspberryPi-Gateway kernel: brcmfmac: brcmf_cfg80211_reg_notifier: not a ISO3166 code
Dec 06 16:16:17 RaspberryPi-Gateway kernel: cfg80211: World regulatory domain updated:
Dec 06 16:16:17 RaspberryPi-Gateway kernel: cfg80211:  DFS Master region: unset
Dec 06 16:16:17 RaspberryPi-Gateway kernel: cfg80211:   (start_freq - end_freq @ bandwidth), (max_antenna_gain, max_eirp), (dfs_cac_time)
Dec 06 16:16:17 RaspberryPi-Gateway kernel: cfg80211:   (2402000 KHz - 2472000 KHz @ 40000 KHz), (N/A, 2000 mBm), (N/A)
Dec 06 16:16:17 RaspberryPi-Gateway kernel: cfg80211:   (2457000 KHz - 2482000 KHz @ 20000 KHz, 92000 KHz AUTO), (N/A, 2000 mBm), (N/A)
Dec 06 16:16:17 RaspberryPi-Gateway systemd[1]: Starting Permit User Sessions...
-- Subject: Unit systemd-user-sessions.service has begun start-up
-- Defined-By: systemd
-- Support: http://lists.freedesktop.org/mailman/listinfo/systemd-devel
-- 
-- Unit systemd-user-sessions.service has begun starting up.
Dec 06 16:16:17 RaspberryPi-Gateway kernel: cfg80211:   (2474000 KHz - 2494000 KHz @ 20000 KHz), (N/A, 2000 mBm), (N/A)
Dec 06 16:16:17 RaspberryPi-Gateway kernel: cfg80211:   (5170000 KHz - 5250000 KHz @ 80000 KHz, 160000 KHz AUTO), (N/A, 2000 mBm), (N/A)
Dec 06 16:16:17 RaspberryPi-Gateway kernel: cfg80211:   (5250000 KHz - 5330000 KHz @ 80000 KHz, 160000 KHz AUTO), (N/A, 2000 mBm), (0 s)
Dec 06 16:16:17 RaspberryPi-Gateway kernel: cfg80211:   (5490000 KHz - 5730000 KHz @ 160000 KHz), (N/A, 2000 mBm), (0 s)
Dec 06 16:16:17 RaspberryPi-Gateway kernel: cfg80211:   (5735000 KHz - 5835000 KHz @ 80000 KHz), (N/A, 2000 mBm), (N/A)
Dec 06 16:16:17 RaspberryPi-Gateway kernel: cfg80211:   (57240000 KHz - 63720000 KHz @ 2160000 KHz), (N/A, 0 mBm), (N/A)
Dec 06 16:16:17 RaspberryPi-Gateway systemd[1]: Started D-Bus System Message Bus.
-- Subject: Unit dbus.service has finished start-up
-- Defined-By: systemd
-- Support: http://lists.freedesktop.org/mailman/listinfo/systemd-devel
-- 
-- Unit dbus.service has finished starting up.
-- 
-- The start-up result is done.
Dec 06 16:16:17 RaspberryPi-Gateway gw_prov_utopia[218]: syslogd: can't open '/etc/syslog.conf': No such file or directory
Dec 06 16:16:17 RaspberryPi-Gateway gw_prov_utopia[218]: ln: /crontabs: File exists
Dec 06 16:16:17 RaspberryPi-Gateway gw_prov_utopia[218]: *******************************************************************
Dec 06 16:16:17 RaspberryPi-Gateway gw_prov_utopia[218]: *
Dec 06 16:16:17 RaspberryPi-Gateway gw_prov_utopia[218]: * Copyright (c) 2010 by Cisco Systems, Inc. All Rights Reserved.
Dec 06 16:16:17 RaspberryPi-Gateway gw_prov_utopia[218]: *
Dec 06 16:16:17 RaspberryPi-Gateway gw_prov_utopia[218]: *******************************************************************
Dec 06 16:16:17 RaspberryPi-Gateway kernel: lirc_rpi: auto-detected active high receiver on GPIO pin 18
Dec 06 16:16:17 RaspberryPi-Gateway kernel: lirc_rpi lirc_rpi: lirc_dev: driver lirc_rpi registered at minor = 0
Dec 06 16:16:17 RaspberryPi-Gateway kernel: lirc_rpi: driver registered!
Dec 06 16:16:17 RaspberryPi-Gateway systemd[1]: Starting TDK Test Agent Start...
-- Subject: Unit tdk.service has begun start-up
-- Defined-By: systemd
-- Support: http://lists.freedesktop.org/mailman/listinfo/systemd-devel
-- 
-- Unit tdk.service has begun starting up.
Dec 06 16:16:17 RaspberryPi-Gateway UTOPIA[236]: 2017-12-06  16:16:17., ../../../../git/source/syscfg/lib/syscfg_lib.c:504, entering syscfg_init
Dec 06 16:16:17 RaspberryPi-Gateway systemd[1]: Starting Simple Network Management Protocol (SNMP) Daemon....
-- Subject: Unit snmpd.service has begun start-up
-- Defined-By: systemd
-- Support: http://lists.freedesktop.org/mailman/listinfo/systemd-devel
-- 
-- Unit snmpd.service has begun starting up.
Dec 06 16:16:17 RaspberryPi-Gateway UTOPIA[236]: system.syscfg Shared memory file not found
Dec 06 16:16:17 RaspberryPi-Gateway systemd[1]: Starting PsmSsp service...
-- Subject: Unit PsmSsp.service has begun start-up
-- Defined-By: systemd
-- Support: http://lists.freedesktop.org/mailman/listinfo/systemd-devel
-- 
-- Unit PsmSsp.service has begun starting up.
Dec 06 16:16:17 RaspberryPi-Gateway UTOPIA[236]: 2017-12-06  16:16:17., ../../../../git/source/syscfg/lib/syscfg_lib.c:513, Error initializing shared memor
Dec 06 16:16:17 RaspberryPi-Gateway systemd[1]: Started Kernel Logging Service.
-- Subject: Unit busybox-klogd.service has finished start-up
-- Defined-By: systemd
-- Support: http://lists.freedesktop.org/mailman/listinfo/systemd-devel
-- 
-- Unit busybox-klogd.service has finished starting up.
-- 
-- The start-up result is done.
Dec 06 16:16:17 RaspberryPi-Gateway kernel[271]: klogd started: BusyBox v1.24.1 (2017-11-23 01:22:04 PST)
Dec 06 16:16:17 RaspberryPi-Gateway kernel[271]: [    0.000000] Booting Linux on physical CPU 0x0
Dec 06 16:16:17 RaspberryPi-Gateway kernel[271]: [    0.000000] Initializing cgroup subsys cpuset
Dec 06 16:16:17 RaspberryPi-Gateway kernel[271]: [    0.000000] Initializing cgroup subsys cpu
Dec 06 16:16:17 RaspberryPi-Gateway kernel[271]: [    0.000000] Initializing cgroup subsys cpuacct
Dec 06 16:16:17 RaspberryPi-Gateway kernel[271]: [    0.000000] Linux version 4.4.50 (andre@chippy1) (gcc version 6.4.0 (GCC) ) #1 SMP Thu Nov 23 01:18:20 PST 2017
Dec 06 16:16:17 RaspberryPi-Gateway kernel[271]: [    0.000000] CPU: ARMv7 Processor [410fd034] revision 4 (ARMv7), cr=10c5383d
Dec 06 16:16:17 RaspberryPi-Gateway kernel[271]: [    0.000000] CPU: PIPT / VIPT nonaliasing data cache, VIPT aliasing instruction cache
Dec 06 16:16:17 RaspberryPi-Gateway kernel[271]: [    0.000000] Machine model: Raspberry Pi 3 Model B Rev 1.2
Dec 06 16:16:17 RaspberryPi-Gateway kernel[271]: [    0.000000] cma: Reserved 8 MiB at 0x3a800000
Dec 06 16:16:17 RaspberryPi-Gateway kernel[271]: [    0.000000] Memory policy: Data cache writealloc
Dec 06 16:16:17 RaspberryPi-Gateway kernel[271]: [    0.000000] On node 0 totalpages: 241664
Dec 06 16:16:17 RaspberryPi-Gateway kernel[271]: [    0.000000] free_area_init_node: node 0, pgdat 808ecf40, node_mem_map b9fa6000
Dec 06 16:16:17 RaspberryPi-Gateway kernel[271]: [    0.000000]   Normal zone: 2124 pages used for memmap
Dec 06 16:16:17 RaspberryPi-Gateway kernel[271]: [    0.000000]   Normal zone: 0 pages reserved
Dec 06 16:16:17 RaspberryPi-Gateway kernel[271]: [    0.000000]   Normal zone: 241664 pages, LIFO batch:31
Dec 06 16:16:17 RaspberryPi-Gateway kernel[271]: [    0.000000] [bcm2709_smp_init_cpus] enter (9540->f3003010)
Dec 06 16:16:17 RaspberryPi-Gateway kernel[271]: [    0.000000] [bcm2709_smp_init_cpus] ncores=4
Dec 06 16:16:17 RaspberryPi-Gateway kernel[271]: [    0.000000] PERCPU: Embedded 13 pages/cpu @b9f62000 s22540 r8192 d22516 u53248
Dec 06 16:16:17 RaspberryPi-Gateway kernel[271]: [    0.000000] pcpu-alloc: s22540 r8192 d22516 u53248 alloc=13*4096
Dec 06 16:16:17 RaspberryPi-Gateway kernel[271]: [    0.000000] pcpu-alloc: [0] 0 [0] 1 [0] 2 [0] 3
Dec 06 16:16:17 RaspberryPi-Gateway kernel[271]: [    0.000000] Built 1 zonelists in Zone order, mobility grouping on.  Total pages: 239540
Dec 06 16:16:17 RaspberryPi-Gateway kernel[271]: [    0.000000] Kernel command line: 8250.nr_uarts=1 bcm2708_fb.fbwidth=656 bcm2708_fb.fbheight=416 bcm2708_fb.fbswap=1 dma.dmachans=0x7f35 bcm2709.boardrev=0xa22082 bcm2709.serial=0x97016bd5 bcm2709.uart_clock=48000000 smsc95xx.macaddr=B8:27:EB:01:6B:D5 vc_mem.mem_base=0x3dc00000 vc_mem.mem_size=0x3f000000  dwc_otg.lpm_enable=0 console=ttyS0,115200 root=/dev/mmcblk0p2 rootfstype=ext4 rootwait None
Dec 06 16:16:17 RaspberryPi-Gateway kernel[271]: [    0.000000] PID hash table entries: 4096 (order: 2, 16384 bytes)
Dec 06 16:16:17 RaspberryPi-Gateway kernel[271]: [    0.000000] Dentry cache hash table entries: 131072 (order: 7, 524288 bytes)
Dec 06 16:16:17 RaspberryPi-Gateway kernel[271]: [    0.000000] Inode-cache hash table entries: 65536 (order: 6, 262144 bytes)
Dec 06 16:16:17 RaspberryPi-Gateway kernel[271]: [    0.000000] Memory: 938900K/966656K available (6363K kernel code, 432K rwdata, 1872K rodata, 472K init, 764K bss, 19564K reserved, 8192K cma-reserved)
Dec 06 16:16:17 RaspberryPi-Gateway kernel[271]: [    0.000000] Virtual kernel memory layout:
Dec 06 16:16:17 RaspberryPi-Gateway systemd[1]: Starting CcspCrSsp service...
-- Subject: Unit CcspCrSsp.service has begun start-up
-- Defined-By: systemd
-- Support: http://lists.freedesktop.org/mailman/listinfo/systemd-devel
-- 
-- Unit CcspCrSsp.service has begun starting up.
Dec 06 16:16:17 RaspberryPi-Gateway kernel[271]: [    0.000000]     vector  : 0xffff0000 - 0xffff1000   (   4 kB)
Dec 06 16:16:17 RaspberryPi-Gateway kernel[271]: [    0.000000]     fixmap  : 0xffc00000 - 0xfff00000   (3072 kB)
Dec 06 16:16:17 RaspberryPi-Gateway kernel[271]: [    0.000000]     vmalloc : 0xbb800000 - 0xff800000   (1088 MB)
Dec 06 16:16:17 RaspberryPi-Gateway kernel[271]: [    0.000000]     lowmem  : 0x80000000 - 0xbb000000   ( 944 MB)
Dec 06 16:16:17 RaspberryPi-Gateway kernel[271]: [    0.000000]     modules : 0x7f000000 - 0x80000000   (  16 MB)
Dec 06 16:16:17 RaspberryPi-Gateway kernel[271]: [    0.000000]       .text : 0x80008000 - 0x80813098   (8237 kB)
Dec 06 16:16:17 RaspberryPi-Gateway kernel[271]: [    0.000000]       .init : 0x80814000 - 0x8088a000   ( 472 kB)
Dec 06 16:16:17 RaspberryPi-Gateway kernel[271]: [    0.000000]       .data : 0x8088a000 - 0x808f62a8   ( 433 kB)
Dec 06 16:16:17 RaspberryPi-Gateway kernel[271]: [    0.000000]        .bss : 0x808f9000 - 0x809b8114   ( 765 kB)
Dec 06 16:16:17 RaspberryPi-Gateway kernel[271]: [    0.000000] SLUB: HWalign=64, Order=0-3, MinObjects=0, CPUs=4, Nodes=1
Dec 06 16:16:17 RaspberryPi-Gateway kernel[271]: [    0.000000] Hierarchical RCU implementation.
Dec 06 16:16:17 RaspberryPi-Gateway kernel[271]: [    0.000000]         Build-time adjustment of leaf fanout to 32.
Dec 06 16:16:17 RaspberryPi-Gateway kernel[271]: [    0.000000] NR_IRQS:16 nr_irqs:16 16
Dec 06 16:16:17 RaspberryPi-Gateway kernel[271]: [    0.000000] Architected cp15 timer(s) running at 19.20MHz (phys).
Dec 06 16:16:17 RaspberryPi-Gateway kernel[271]: [    0.000000] clocksource: arch_sys_counter: mask: 0xffffffffffffff max_cycles: 0x46d987e47, max_idle_ns: 440795202767 ns
Dec 06 16:16:17 RaspberryPi-Gateway systemd[1]: Started System Logging Service.
-- Subject: Unit busybox-syslog.service has finished start-up
-- Defined-By: systemd
-- Support: http://lists.freedesktop.org/mailman/listinfo/systemd-devel
-- 
-- Unit busybox-syslog.service has finished starting up.
-- 
-- The start-up result is done.
Dec 06 16:16:17 RaspberryPi-Gateway kernel[271]: [    0.000009] sched_clock: 56 bits at 19MHz, resolution 52ns, wraps every 4398046511078ns
Dec 06 16:16:17 RaspberryPi-Gateway kernel[271]: [    0.000024] Switching to timer-based delay loop, resolution 52ns
Dec 06 16:16:17 RaspberryPi-Gateway kernel[271]: [    0.000279] Console: colour dummy device 80x30
Dec 06 16:16:17 RaspberryPi-Gateway kernel[271]: [    0.000317] Calibrating delay loop (skipped), value calculated using timer frequency.. 38.40 BogoMIPS (lpj=192000)
Dec 06 16:16:17 RaspberryPi-Gateway kernel[271]: [    0.000339] pid_max: default: 32768 minimum: 301
Dec 06 16:16:17 RaspberryPi-Gateway kernel[271]: [    0.000646] Mount-cache hash table entries: 2048 (order: 1, 8192 bytes)
Dec 06 16:16:17 RaspberryPi-Gateway kernel[271]: [    0.000661] Mountpoint-cache hash table entries: 2048 (order: 1, 8192 bytes)
Dec 06 16:16:17 RaspberryPi-Gateway kernel[271]: [    0.001606] Disabling cpuset control group subsystem
Dec 06 16:16:17 RaspberryPi-Gateway kernel[271]: [    0.001637] Initializing cgroup subsys io
Dec 06 16:16:17 RaspberryPi-Gateway kernel[271]: [    0.001667] Initializing cgroup subsys memory
Dec 06 16:16:17 RaspberryPi-Gateway kernel[271]: [    0.001706] Initializing cgroup subsys devices
Dec 06 16:16:17 RaspberryPi-Gateway kernel[271]: [    0.001726] Initializing cgroup subsys freezer
Dec 06 16:16:17 RaspberryPi-Gateway kernel[271]: [    0.001745] Initializing cgroup subsys net_cls
Dec 06 16:16:17 RaspberryPi-Gateway kernel[271]: [    0.001793] CPU: Testing write buffer coherency: ok
Dec 06 16:16:17 RaspberryPi-Gateway kernel[271]: [    0.001852] ftrace: allocating 21146 entries in 63 pages
Dec 06 16:16:17 RaspberryPi-Gateway kernel[271]: [    0.051390] CPU0: update cpu_capacity 1024
Dec 06 16:16:17 RaspberryPi-Gateway kernel[271]: [    0.051420] CPU0: thread -1, cpu 0, socket 0, mpidr 80000000
Dec 06 16:16:17 RaspberryPi-Gateway kernel[271]: [    0.051432] [bcm2709_smp_prepare_cpus] enter
Dec 06 16:16:17 RaspberryPi-Gateway sh[278]: bbhm patch is not required
Dec 06 16:16:17 RaspberryPi-Gateway kernel[271]: [    0.051569] Setting up static identity map for 0x8240 - 0x8274
Dec 06 16:16:17 RaspberryPi-Gateway systemd[1]: Started Permit User Sessions.
-- Subject: Unit systemd-user-sessions.service has finished start-up
-- Defined-By: systemd
-- Support: http://lists.freedesktop.org/mailman/listinfo/systemd-devel
-- 
-- Unit systemd-user-sessions.service has finished starting up.
-- 
-- The start-up result is done.
Dec 06 16:16:17 RaspberryPi-Gateway kernel[271]: [    0.053215] [bcm2709_boot_secondary] cpu:1 started (0) 17
Dec 06 16:16:17 RaspberryPi-Gateway kernel[271]: [    0.053440] [bcm2709_secondary_init] enter cpu:1
Dec 06 16:16:17 RaspberryPi-Gateway kernel[271]: [    0.053484] CPU1: update cpu_capacity 1024
Dec 06 16:16:17 RaspberryPi-Gateway kernel[271]: [    0.053490] CPU1: thread -1, cpu 1, socket 0, mpidr 80000001
Dec 06 16:16:17 RaspberryPi-Gateway kernel[271]: [    0.053864] [bcm2709_boot_secondary] cpu:2 started (0) 18
Dec 06 16:16:17 RaspberryPi-Gateway kernel[271]: [    0.054050] [bcm2709_secondary_init] enter cpu:2
Dec 06 16:16:17 RaspberryPi-Gateway kernel[271]: [    0.054070] CPU2: update cpu_capacity 1024
Dec 06 16:16:17 RaspberryPi-Gateway kernel[271]: [    0.054076] CPU2: thread -1, cpu 2, socket 0, mpidr 80000002
Dec 06 16:16:17 RaspberryPi-Gateway kernel[271]: [    0.054435] [bcm2709_boot_secondary] cpu:3 started (0) 15
Dec 06 16:16:17 RaspberryPi-Gateway kernel[271]: [    0.054575] [bcm2709_secondary_init] enter cpu:3
Dec 06 16:16:17 RaspberryPi-Gateway kernel[271]: [    0.054595] CPU3: update cpu_capacity 1024
Dec 06 16:16:17 RaspberryPi-Gateway kernel[271]: [    0.054600] CPU3: thread -1, cpu 3, socket 0, mpidr 80000003
Dec 06 16:16:17 RaspberryPi-Gateway kernel[271]: [    0.054659] Brought up 4 CPUs
Dec 06 16:16:17 RaspberryPi-Gateway kernel[271]: [    0.054682] SMP: Total of 4 processors activated (153.60 BogoMIPS).
Dec 06 16:16:17 RaspberryPi-Gateway kernel[271]: [    0.054689] CPU: All CPU(s) started in HYP mode.
Dec 06 16:16:17 RaspberryPi-Gateway kernel[271]: [    0.054696] CPU: Virtualization extensions available.
Dec 06 16:16:17 RaspberryPi-Gateway kernel[271]: [    0.055315] devtmpfs: initialized
Dec 06 16:16:17 RaspberryPi-Gateway kernel[271]: [    0.066008] VFP support v0.3: implementor 41 architecture 3 part 40 variant 3 rev 4
Dec 06 16:16:17 RaspberryPi-Gateway kernel[271]: [    0.066337] clocksource: jiffies: mask: 0xffffffff max_cycles: 0xffffffff, max_idle_ns: 19112604462750000 ns
Dec 06 16:16:17 RaspberryPi-Gateway kernel[271]: [    0.067056] pinctrl core: initialized pinctrl subsystem
Dec 06 16:16:17 RaspberryPi-Gateway kernel[271]: [    0.067578] NET: Registered protocol family 16
Dec 06 16:16:17 RaspberryPi-Gateway kernel[271]: [    0.072734] DMA: preallocated 4096 KiB pool for atomic coherent allocations
Dec 06 16:16:17 RaspberryPi-Gateway kernel[271]: [    0.079861] bcm2709: Mini UART enabled
Dec 06 16:16:17 RaspberryPi-Gateway kernel[271]: [    0.079906] hw-breakpoint: found 5 (+1 reserved) breakpoint and 4 watchpoint registers.
Dec 06 16:16:17 RaspberryPi-Gateway kernel[271]: [    0.079916] hw-breakpoint: maximum watchpoint size is 8 bytes.
Dec 06 16:16:17 RaspberryPi-Gateway kernel[271]: [    0.080069] Serial: AMBA PL011 UART driver
Dec 06 16:16:17 RaspberryPi-Gateway kernel[271]: [    0.080205] uart-pl011 3f201000.uart: could not find pctldev for node /soc/gpio@7e200000/uart0_pins, deferring probe
Dec 06 16:16:17 RaspberryPi-Gateway kernel[271]: [    0.080371] bcm2835-mbox 3f00b880.mailbox: mailbox enabled
Dec 06 16:16:17 RaspberryPi-Gateway kernel[271]: [    0.143457] bcm2835-dma 3f007000.dma: DMA legacy API manager at f3007000, dmachans=0x1
Dec 06 16:16:17 RaspberryPi-Gateway kernel[271]: [    0.144021] SCSI subsystem initialized
Dec 06 16:16:17 RaspberryPi-Gateway kernel[271]: [    0.144203] usbcore: registered new interface driver usbfs
Dec 06 16:16:17 RaspberryPi-Gateway kernel[271]: [    0.144280] usbcore: registered new interface driver hub
Dec 06 16:16:17 RaspberryPi-Gateway kernel[271]: [    0.144371] usbcore: registered new device driver usb
Dec 06 16:16:17 RaspberryPi-Gateway kernel[271]: [    0.150934] raspberrypi-firmware soc:firmware: Attached to firmware from 2017-04-05 11:49
Dec 06 16:16:17 RaspberryPi-Gateway kernel[271]: [    0.162292] clocksource: Switched to clocksource arch_sys_counter
Dec 06 16:16:17 RaspberryPi-Gateway kernel[271]: [    0.208279] FS-Cache: Loaded
Dec 06 16:16:17 RaspberryPi-Gateway kernel[271]: [    0.208553] CacheFiles: Loaded
Dec 06 16:16:17 RaspberryPi-Gateway kernel[271]: [    0.220617] NET: Registered protocol family 2
Dec 06 16:16:17 RaspberryPi-Gateway kernel[271]: [    0.221466] TCP established hash table entries: 8192 (order: 3, 32768 bytes)
Dec 06 16:16:17 RaspberryPi-Gateway kernel[271]: [    0.221580] TCP bind hash table entries: 8192 (order: 4, 65536 bytes)
Dec 06 16:16:17 RaspberryPi-Gateway kernel[271]: [    0.221768] TCP: Hash tables configured (established 8192 bind 8192)
Dec 06 16:16:17 RaspberryPi-Gateway kernel[271]: [    0.221861] UDP hash table entries: 512 (order: 2, 16384 bytes)
Dec 06 16:16:17 RaspberryPi-Gateway kernel[271]: [    0.221907] UDP-Lite hash table entries: 512 (order: 2, 16384 bytes)
Dec 06 16:16:18 RaspberryPi-Gateway snmpd[243]: pcilib: Cannot open /proc/bus/pci
Dec 06 16:16:17 RaspberryPi-Gateway kernel[271]: [    0.222130] NET: Registered protocol family 1
Dec 06 16:16:17 RaspberryPi-Gateway kernel[271]: [    0.222471] RPC: Registered named UNIX socket transport module.
Dec 06 16:16:17 RaspberryPi-Gateway kernel[271]: [    0.222481] RPC: Registered udp transport module.
Dec 06 16:16:17 RaspberryPi-Gateway kernel[271]: [    0.222490] RPC: Registered tcp transport module.
Dec 06 16:16:17 RaspberryPi-Gateway kernel[271]: [    0.222498] RPC: Registered tcp NFSv4.1 backchannel transport module.
Dec 06 16:16:17 RaspberryPi-Gateway kernel[271]: [    0.223451] hw perfevents: enabled with armv7_cortex_a7 PMU driver, 7 counters available
Dec 06 16:16:17 RaspberryPi-Gateway kernel[271]: [    0.224752] futex hash table entries: 1024 (order: 4, 65536 bytes)
Dec 06 16:16:17 RaspberryPi-Gateway kernel[271]: [    0.237770] VFS: Disk quotas dquot_6.6.0
Dec 06 16:16:17 RaspberryPi-Gateway kernel[271]: [    0.238077] VFS: Dquot-cache hash table entries: 1024 (order 0, 4096 bytes)
Dec 06 16:16:17 RaspberryPi-Gateway kernel[271]: [    0.240175] FS-Cache: Netfs 'nfs' registered for caching
Dec 06 16:16:17 RaspberryPi-Gateway kernel[271]: [    0.241053] NFS: Registering the id_resolver key type
Dec 06 16:16:17 RaspberryPi-Gateway kernel[271]: [    0.241103] Key type id_resolver registered
Dec 06 16:16:17 RaspberryPi-Gateway kernel[271]: [    0.241112] Key type id_legacy registered
Dec 06 16:16:17 RaspberryPi-Gateway kernel[271]: [    0.243394] Block layer SCSI generic (bsg) driver version 0.4 loaded (major 252)
Dec 06 16:16:17 RaspberryPi-Gateway kernel[271]: [    0.243527] io scheduler noop registered
Dec 06 16:16:17 RaspberryPi-Gateway kernel[271]: [    0.243547] io scheduler deadline registered
Dec 06 16:16:17 RaspberryPi-Gateway kernel[271]: [    0.243601] io scheduler cfq registered (default)
Dec 06 16:16:17 RaspberryPi-Gateway kernel[271]: [    0.246086] BCM2708FB: allocated DMA memory fac10000
Dec 06 16:16:17 RaspberryPi-Gateway kernel[271]: [    0.246112] BCM2708FB: allocated DMA channel 0 @ f3007000
Dec 06 16:16:17 RaspberryPi-Gateway kernel[271]: [    0.251142] Console: switching to colour frame buffer device 82x26
Dec 06 16:16:17 RaspberryPi-Gateway kernel[271]: [    0.328820] Serial: 8250/16550 driver, 1 ports, IRQ sharing disabled
Dec 06 16:16:17 RaspberryPi-Gateway kernel[271]: [    0.330219] console [ttyS0] disabled
Dec 06 16:16:17 RaspberryPi-Gateway kernel[271]: [    0.330292] 3f215040.uart: ttyS0 at MMIO 0x3f215040 (irq = 59, base_baud = 31250000) is a 16550
Dec 06 16:16:17 RaspberryPi-Gateway kernel[271]: [    1.049309] console [ttyS0] enabled
Dec 06 16:16:17 RaspberryPi-Gateway kernel[271]: [    1.054147] bcm2835-rng 3f104000.rng: hwrng registered
Dec 06 16:16:17 RaspberryPi-Gateway kernel[271]: [    1.059455] vc-cma: Videocore CMA driver
Dec 06 16:16:17 RaspberryPi-Gateway kernel[271]: [    1.063452] vc-cma: vc_cma_base      = 0x00000000
Dec 06 16:16:17 RaspberryPi-Gateway kernel[271]: [    1.068221] vc-cma: vc_cma_size      = 0x00000000 (0 MiB)
Dec 06 16:16:17 RaspberryPi-Gateway kernel[271]: [    1.073708] vc-cma: vc_cma_initial   = 0x00000000 (0 MiB)
Dec 06 16:16:17 RaspberryPi-Gateway kernel[271]: [    1.079401] vc-mem: phys_addr:0x00000000 mem_base=0x3dc00000 mem_size:0x3f000000(1008 MiB)
Dec 06 16:16:17 RaspberryPi-Gateway kernel[271]: [    1.102359] brd: module loaded
Dec 06 16:16:17 RaspberryPi-Gateway kernel[271]: [    1.114100] loop: module loaded
Dec 06 16:16:17 RaspberryPi-Gateway kernel[271]: [    1.118177] vchiq: vchiq_init_state: slot_zero = 0xbac80000, is_master = 0
Dec 06 16:16:17 RaspberryPi-Gateway kernel[271]: [    1.126603] Loading iSCSI transport class v2.0-870.
Dec 06 16:16:17 RaspberryPi-Gateway kernel[271]: [    1.132174] usbcore: registered new interface driver smsc95xx
Dec 06 16:16:17 RaspberryPi-Gateway kernel[271]: [    1.138087] dwc_otg: version 3.00a 10-AUG-2012 (platform bus)
Dec 06 16:16:17 RaspberryPi-Gateway kernel[271]: [    1.344201] Core Release: 2.80a
Dec 06 16:16:17 RaspberryPi-Gateway kernel[271]: [    1.347390] Setting default values for core params
Dec 06 16:16:17 RaspberryPi-Gateway kernel[271]: [    1.352268] Finished setting default values for core params
Dec 06 16:16:17 RaspberryPi-Gateway kernel[271]: [    1.558273] Using Buffer DMA mode
Dec 06 16:16:17 RaspberryPi-Gateway kernel[271]: [    1.561635] Periodic Transfer Interrupt Enhancement - disabled
Dec 06 16:16:17 RaspberryPi-Gateway kernel[271]: [    1.567564] Multiprocessor Interrupt Enhancement - disabled
Dec 06 16:16:17 RaspberryPi-Gateway kernel[271]: [    1.573230] OTG VER PARAM: 0, OTG VER FLAG: 0
Dec 06 16:16:17 RaspberryPi-Gateway kernel[271]: [    1.577650] Dedicated Tx FIFOs mode
Dec 06 16:16:17 RaspberryPi-Gateway kernel[271]: [    1.581481] WARN::dwc_otg_hcd_init:1047: FIQ DMA bounce buffers: virt = 0xbac04000 dma = 0xfac04000 len=9024
Dec 06 16:16:17 RaspberryPi-Gateway kernel[271]: [    1.591490] FIQ FSM acceleration enabled for :
Dec 06 16:16:17 RaspberryPi-Gateway kernel[271]: [    1.591490] Non-periodic Split Transactions
Dec 06 16:16:17 RaspberryPi-Gateway kernel[271]: [    1.591490] Periodic Split Transactions
Dec 06 16:16:17 RaspberryPi-Gateway kernel[271]: [    1.591490] High-Speed Isochronous Endpoints
Dec 06 16:16:17 RaspberryPi-Gateway kernel[271]: [    1.591490] Interrupt/Control Split Transaction hack enabled
Dec 06 16:16:17 RaspberryPi-Gateway kernel[271]: [    1.614187] dwc_otg: Microframe scheduler enabled
Dec 06 16:16:17 RaspberryPi-Gateway kernel[271]: [    1.614231] WARN::hcd_init_fiq:415: FIQ on core 1 at 0x8044accc
Dec 06 16:16:18 RaspberryPi-Gateway PsmSsp[250]: Conf file /etc/debug.ini open success
Dec 06 16:16:18 RaspberryPi-Gateway PsmSsp[250]: ssp_CfmReadCurConfig: Fail to import custom params
Dec 06 16:16:17 RaspberryPi-Gateway kernel[271]: [    1.620238] WARN::hcd_init_fiq:416: FIQ ASM at 0x8044b02c length 36
Dec 06 16:16:17 RaspberryPi-Gateway kernel[271]: [    1.626599] WARN::hcd_init_fiq:441: MPHI regs_base at 0xbb87e000
Dec 06 16:16:17 RaspberryPi-Gateway kernel[271]: [    1.632758] dwc_otg 3f980000.usb: DWC OTG Controller
Dec 06 16:16:17 RaspberryPi-Gateway kernel[271]: [    1.637819] dwc_otg 3f980000.usb: new USB bus registered, assigned bus number 1
Dec 06 16:16:17 RaspberryPi-Gateway kernel[271]: [    1.645271] dwc_otg 3f980000.usb: irq 62, io mem 0x00000000
Dec 06 16:16:17 RaspberryPi-Gateway kernel[271]: [    1.650964] Init: Port Power? op_state=1
Dec 06 16:16:17 RaspberryPi-Gateway kernel[271]: [    1.654956] Init: Power Port (0)
Dec 06 16:16:17 RaspberryPi-Gateway kernel[271]: [    1.658411] usb usb1: New USB device found, idVendor=1d6b, idProduct=0002
Dec 06 16:16:17 RaspberryPi-Gateway kernel[271]: [    1.665319] usb usb1: New USB device strings: Mfr=3, Product=2, SerialNumber=1
Dec 06 16:16:17 RaspberryPi-Gateway kernel[271]: [    1.672663] usb usb1: Product: DWC OTG Controller
Dec 06 16:16:17 RaspberryPi-Gateway kernel[271]: [    1.677436] usb usb1: Manufacturer: Linux 4.4.50 dwc_otg_hcd
Dec 06 16:16:17 RaspberryPi-Gateway kernel[271]: [    1.683192] usb usb1: SerialNumber: 3f980000.usb
Dec 06 16:16:17 RaspberryPi-Gateway kernel[271]: [    1.688585] hub 1-0:1.0: USB hub found
Dec 06 16:16:17 RaspberryPi-Gateway kernel[271]: [    1.692459] hub 1-0:1.0: 1 port detected
Dec 06 16:16:17 RaspberryPi-Gateway kernel[271]: [    1.696970] dwc_otg: FIQ enabled
Dec 06 16:16:17 RaspberryPi-Gateway kernel[271]: [    1.696979] dwc_otg: NAK holdoff enabled
Dec 06 16:16:17 RaspberryPi-Gateway kernel[271]: [    1.696987] dwc_otg: FIQ split-transaction FSM enabled
Dec 06 16:16:17 RaspberryPi-Gateway kernel[271]: [    1.697015] Module dwc_common_port init
Dec 06 16:16:17 RaspberryPi-Gateway kernel[271]: [    1.697255] usbcore: registered new interface driver usb-storage
Dec 06 16:16:17 RaspberryPi-Gateway kernel[271]: [    1.703611] mousedev: PS/2 mouse device common for all mice
Dec 06 16:16:17 RaspberryPi-Gateway kernel[271]: [    1.709948] bcm2835-cpufreq: min=600000 max=1200000
Dec 06 16:16:17 RaspberryPi-Gateway kernel[271]: [    1.715198] sdhci: Secure Digital Host Controller Interface driver
Dec 06 16:16:17 RaspberryPi-Gateway kernel[271]: [    1.721466] sdhci: Copyright(c) Pierre Ossman
Dec 06 16:16:17 RaspberryPi-Gateway kernel[271]: [    1.726224] sdhost: log_buf @ bac07000 (fac07000)
Dec 06 16:16:17 RaspberryPi-Gateway kernel[271]: [    1.792405] mmc0: sdhost-bcm2835 loaded - DMA enabled (>1)
Dec 06 16:16:17 RaspberryPi-Gateway kernel[271]: [    1.800239] mmc-bcm2835 3f300000.mmc: mmc_debug:0 mmc_debug2:0
Dec 06 16:16:18 RaspberryPi-Gateway sh[294]: Going to check the iptable rules
Dec 06 16:16:18 RaspberryPi-Gateway sh[294]: Enable iptable rules for TDK
Dec 06 16:16:18 RaspberryPi-Gateway sh[294]: Going to start Agent
Dec 06 16:16:17 RaspberryPi-Gateway kernel[271]: [    1.806176] mmc-bcm2835 3f300000.mmc: DMA channel allocated
Dec 06 16:16:17 RaspberryPi-Gateway kernel[271]: [    1.849147] mmc0: host does not support reading read-only switch, assuming write-enable
Dec 06 16:16:17 RaspberryPi-Gateway kernel[271]: [    1.852399] sdhci-pltfm: SDHCI platform and OF driver helper
Dec 06 16:16:17 RaspberryPi-Gateway kernel[271]: [    1.852796] ledtrig-cpu: registered to indicate activity on CPUs
Dec 06 16:16:17 RaspberryPi-Gateway kernel[271]: [    1.852912] hidraw: raw HID events driver (C) Jiri Kosina
Dec 06 16:16:17 RaspberryPi-Gateway kernel[271]: [    1.853095] usbcore: registered new interface driver usbhid
Dec 06 16:16:17 RaspberryPi-Gateway kernel[271]: [    1.853098] usbhid: USB HID core driver
Dec 06 16:16:17 RaspberryPi-Gateway kernel[271]: [    1.853652] Initializing XFRM netlink socket
Dec 06 16:16:17 RaspberryPi-Gateway kernel[271]: [    1.853678] NET: Registered protocol family 17
Dec 06 16:16:17 RaspberryPi-Gateway kernel[271]: [    1.853814] Key type dns_resolver registered
Dec 06 16:16:17 RaspberryPi-Gateway kernel[271]: [    1.854240] Registering SWP/SWPB emulation handler
Dec 06 16:16:17 RaspberryPi-Gateway kernel[271]: [    1.854985] registered taskstats version 1
Dec 06 16:16:17 RaspberryPi-Gateway kernel[271]: [    1.855168] vc-sm: Videocore shared memory driver
Dec 06 16:16:17 RaspberryPi-Gateway kernel[271]: [    1.855175] [vc_sm_connected_init]: start
Dec 06 16:16:17 RaspberryPi-Gateway kernel[271]: [    1.863390] [vc_sm_connected_init]: end - returning 0
Dec 06 16:16:17 RaspberryPi-Gateway kernel[271]: [    1.864749] 3f201000.uart: ttyAMA0 at MMIO 0x3f201000 (irq = 87, base_baud = 0) is a PL011 rev2
Dec 06 16:16:17 RaspberryPi-Gateway kernel[271]: [    1.865131] of_cfs_init
Dec 06 16:16:17 RaspberryPi-Gateway kernel[271]: [    1.865205] of_cfs_init: OK
Dec 06 16:16:17 RaspberryPi-Gateway kernel[271]: [    1.892396] Indeed it is in host mode hprt0 = 00021501
Dec 06 16:16:17 RaspberryPi-Gateway kernel[271]: [    1.941569] mmc0: new high speed SDHC card at address 0001
Dec 06 16:16:17 RaspberryPi-Gateway kernel[271]: [    1.942234] mmcblk0: mmc0:0001 EB1QT 29.8 GiB
Dec 06 16:16:17 RaspberryPi-Gateway kernel[271]: [    1.953561]  mmcblk0: p1 p2
Dec 06 16:16:17 RaspberryPi-Gateway kernel[271]: [    1.966170] EXT4-fs (mmcblk0p2): mounted filesystem with ordered data mode. Opts: (null)
Dec 06 16:16:17 RaspberryPi-Gateway kernel[271]: [    1.974443] VFS: Mounted root (ext4 filesystem) readonly on device 179:2.
Dec 06 16:16:17 RaspberryPi-Gateway kernel[271]: [    1.974565] mmc1: queuing unknown CIS tuple 0x80 (2 bytes)
Dec 06 16:16:17 RaspberryPi-Gateway kernel[271]: [    1.976117] mmc1: queuing unknown CIS tuple 0x80 (3 bytes)
Dec 06 16:16:17 RaspberryPi-Gateway kernel[271]: [    1.977672] mmc1: queuing unknown CIS tuple 0x80 (3 bytes)
Dec 06 16:16:17 RaspberryPi-Gateway kernel[271]: [    1.980451] mmc1: queuing unknown CIS tuple 0x80 (7 bytes)
Dec 06 16:16:17 RaspberryPi-Gateway kernel[271]: [    2.007348] devtmpfs: mounted
Dec 06 16:16:17 RaspberryPi-Gateway kernel[271]: [    2.011074] Freeing unused kernel memory: 472K (80814000 - 8088a000)
Dec 06 16:16:17 RaspberryPi-Gateway kernel[271]: [    2.071090] mmc1: new high speed SDIO card at address 0001
Dec 06 16:16:17 RaspberryPi-Gateway kernel[271]: [    2.072329] usb 1-1: new high-speed USB device number 2 using dwc_otg
Dec 06 16:16:17 RaspberryPi-Gateway kernel[271]: [    2.076771] Indeed it is in host mode hprt0 = 00001101
Dec 06 16:16:17 RaspberryPi-Gateway kernel[271]: [    2.210870] systemd[1]: System time before build time, advancing clock.
Dec 06 16:16:17 RaspberryPi-Gateway kernel[271]: [    2.272616] usb 1-1: New USB device found, idVendor=0424, idProduct=9514
Dec 06 16:16:17 RaspberryPi-Gateway kernel[271]: [    2.279429] usb 1-1: New USB device strings: Mfr=0, Product=0, SerialNumber=0
Dec 06 16:16:17 RaspberryPi-Gateway kernel[271]: [    2.287550] hub 1-1:1.0: USB hub found
Dec 06 16:16:17 RaspberryPi-Gateway kernel[271]: [    2.291503] hub 1-1:1.0: 5 ports detected
Dec 06 16:16:17 RaspberryPi-Gateway kernel[271]: [    2.304260] NET: Registered protocol family 10
Dec 06 16:16:17 RaspberryPi-Gateway kernel[271]: [    2.317609] random: systemd: uninitialized urandom read (16 bytes read, 47 bits of entropy available)
Dec 06 16:16:17 RaspberryPi-Gateway kernel[271]: [    2.332463] systemd[1]: systemd 230 running in system mode. (+PAM -AUDIT -SELINUX +IMA -APPARMOR +SMACK +SYSVINIT +UTMP -LIBCRYPTSETUP -GCRYPT +GNUTLS +ACL +XZ -LZ4 -SECCOMP +BLKID -ELFUTILS +KMOD -IDN)
Dec 06 16:16:17 RaspberryPi-Gateway kernel[271]: [    2.351417] systemd[1]: Detected architecture arm.
Dec 06 16:16:17 RaspberryPi-Gateway kernel[271]: [    2.383109] systemd[1]: Set hostname to <RaspberryPi-Gateway>.
Dec 06 16:16:17 RaspberryPi-Gateway kernel[271]: [    2.443248] random: systemd: uninitialized urandom read (16 bytes read, 59 bits of entropy available)
Dec 06 16:16:17 RaspberryPi-Gateway kernel[271]: [    2.458844] random: systemd-gpt-aut: uninitialized urandom read (16 bytes read, 61 bits of entropy available)
Dec 06 16:16:17 RaspberryPi-Gateway kernel[271]: [    2.459527] random: systemd-sysv-ge: uninitialized urandom read (16 bytes read, 62 bits of entropy available)
Dec 06 16:16:17 RaspberryPi-Gateway kernel[271]: [    2.479391] random: systemd-gpt-aut: uninitialized urandom read (16 bytes read, 64 bits of entropy available)
Dec 06 16:16:17 RaspberryPi-Gateway kernel[271]: [    2.566790] random: systemd: uninitialized urandom read (16 bytes read, 67 bits of entropy available)
Dec 06 16:16:17 RaspberryPi-Gateway kernel[271]: [    2.576619] random: systemd: uninitialized urandom read (16 bytes read, 67 bits of entropy available)
Dec 06 16:16:17 RaspberryPi-Gateway kernel[271]: [    2.582323] usb 1-1.1: new high-speed USB device number 3 using dwc_otg
Dec 06 16:16:17 RaspberryPi-Gateway kernel[271]: [    2.593070] random: systemd: uninitialized urandom read (16 bytes read, 67 bits of entropy available)
Dec 06 16:16:17 RaspberryPi-Gateway kernel[271]: [    2.602868] random: systemd: uninitialized urandom read (16 bytes read, 67 bits of entropy available)
Dec 06 16:16:17 RaspberryPi-Gateway kernel[271]: [    2.613144] random: systemd: uninitialized urandom read (16 bytes read, 67 bits of entropy available)
Dec 06 16:16:17 RaspberryPi-Gateway kernel[271]: [    2.692665] usb 1-1.1: New USB device found, idVendor=0424, idProduct=ec00
Dec 06 16:16:17 RaspberryPi-Gateway kernel[271]: [    2.699662] usb 1-1.1: New USB device strings: Mfr=0, Product=0, SerialNumber=0
Dec 06 16:16:18 RaspberryPi-Gateway snmpd[243]: pcilib: Cannot find any working access method.
Dec 06 16:16:18 RaspberryPi-Gateway snmpd[243]: pcilib: pci_init failed
Dec 06 16:16:18 RaspberryPi-Gateway kernel[271]: [    2.709942] smsc95xx v1.0.4
Dec 06 16:16:18 RaspberryPi-Gateway kernel[271]: [    2.775714] smsc95xx 1-1.1:1.0 eth0: register 'smsc95xx' at usb-3f980000.usb-1.1, smsc95xx USB 2.0 Ethernet, b8:27:eb:01:6b:d5
Dec 06 16:16:18 RaspberryPi-Gateway kernel[271]: [    2.818569] systemd[1]: Listening on Journal Socket.
Dec 06 16:16:18 RaspberryPi-Gateway kernel[271]: [    2.842760] systemd[1]: Listening on Journal Socket (/dev/log).
Dec 06 16:16:18 RaspberryPi-Gateway kernel[271]: [    2.872471] systemd[1]: Reached target Network.
Dec 06 16:16:18 RaspberryPi-Gateway kernel[271]: [    2.892489] systemd[1]: Reached target Remote File Systems.
Dec 06 16:16:18 RaspberryPi-Gateway kernel[271]: [    2.925075] systemd[1]: Created slice User and Session Slice.
Dec 06 16:16:18 RaspberryPi-Gateway kernel[271]: [    2.952724] systemd[1]: Started Dispatch Password Requests to Console Directory Watch.
Dec 06 16:16:18 RaspberryPi-Gateway kernel[271]: [    2.982575] systemd[1]: Listening on Syslog Socket.
Dec 06 16:16:18 RaspberryPi-Gateway kernel[271]: [    3.002559] systemd[1]: Listening on udev Kernel Socket.
Dec 06 16:16:18 RaspberryPi-Gateway kernel[271]: [    3.022329] usb 1-1.5: new high-speed USB device number 4 using dwc_otg
Dec 06 16:16:18 RaspberryPi-Gateway kernel[271]: [    3.032454] systemd[1]: Reached target Swap.
Dec 06 16:16:18 RaspberryPi-Gateway kernel[271]: [    3.052656] systemd[1]: Started Forward Password Requests to Wall Directory Watch.
Dec 06 16:16:18 RaspberryPi-Gateway kernel[271]: [    3.097531] systemd[1]: Listening on udev Control Socket.
Dec 06 16:16:18 RaspberryPi-Gateway kernel[271]: [    3.123182] systemd[1]: Created slice System Slice.
Dec 06 16:16:18 RaspberryPi-Gateway kernel[271]: [    3.143221] usb 1-1.5: New USB device found, idVendor=13b1, idProduct=0041
Dec 06 16:16:18 RaspberryPi-Gateway kernel[271]: [    3.150202] usb 1-1.5: New USB device strings: Mfr=1, Product=2, SerialNumber=6
Dec 06 16:16:18 RaspberryPi-Gateway kernel[271]: [    3.157641] usb 1-1.5: Product: Linksys USB3GIGV1
Dec 06 16:16:18 RaspberryPi-Gateway kernel[271]: [    3.162444] usb 1-1.5: Manufacturer: Linksys
Dec 06 16:16:18 RaspberryPi-Gateway kernel[271]: [    3.166780] usb 1-1.5: SerialNumber: 000001000000
Dec 06 16:16:18 RaspberryPi-Gateway kernel[271]: [    3.192603] systemd[1]: Mounting Debug File System...
Dec 06 16:16:18 RaspberryPi-Gateway kernel[271]: [    3.215134] systemd[1]: Starting Journal Service...
Dec 06 16:16:18 RaspberryPi-Gateway kernel[271]: [    3.247256] systemd[1]: Mounting Temporary Directory...
Dec 06 16:16:18 RaspberryPi-Gateway kernel[271]: [    3.260546] systemd[1]: Created slice system-serial\x2dgetty.slice.
Dec 06 16:16:18 RaspberryPi-Gateway kernel[271]: [    3.332657] systemd[1]: Mounting POSIX Message Queue File System...
Dec 06 16:16:18 RaspberryPi-Gateway kernel[271]: [    3.363575] systemd[1]: Created slice system-getty.slice.
Dec 06 16:16:18 RaspberryPi-Gateway kernel[271]: [    3.397037] systemd[1]: Mounting Configuration File System...
Dec 06 16:16:18 RaspberryPi-Gateway kernel[271]: [    3.413963] systemd[1]: Starting Setup Virtual Console...
Dec 06 16:16:18 RaspberryPi-Gateway kernel[271]: [    3.445259] systemd[1]: Starting Apply Kernel Variables...
Dec 06 16:16:18 RaspberryPi-Gateway kernel[271]: [    3.475426] systemd[1]: Starting Remount Root and Kernel File Systems...
Dec 06 16:16:18 RaspberryPi-Gateway kernel[271]: [    3.500249] EXT4-fs (mmcblk0p2): re-mounted. Opts: (null)
Dec 06 16:16:18 RaspberryPi-Gateway kernel[271]: [    3.509067] systemd[1]: Starting Create list of required static device nodes for the current kernel...
Dec 06 16:16:18 RaspberryPi-Gateway kernel[271]: [    3.542597] systemd[1]: Reached target Slices.
Dec 06 16:16:18 RaspberryPi-Gateway kernel[271]: [    3.562970] systemd[1]: Listening on /dev/initctl Compatibility Named Pipe.
Dec 06 16:16:18 RaspberryPi-Gateway kernel[271]: [    3.627540] systemd[1]: Mounted Debug File System.
Dec 06 16:16:18 RaspberryPi-Gateway kernel[271]: [    3.652560] systemd[1]: Mounted POSIX Message Queue File System.
Dec 06 16:16:18 RaspberryPi-Gateway kernel[271]: [    3.682505] systemd[1]: Mounted Configuration File System.
Dec 06 16:16:18 RaspberryPi-Gateway kernel[271]: [    3.712499] systemd[1]: Mounted Temporary Directory.
Dec 06 16:16:18 RaspberryPi-Gateway kernel[271]: [    3.732856] systemd[1]: Started Journal Service.
Dec 06 16:16:18 RaspberryPi-Gateway kernel[271]: [    4.135115] systemd-journald[109]: Received request to flush runtime journal from PID 1
Dec 06 16:16:18 RaspberryPi-Gateway kernel[271]: [    4.281762] cdc_ether 1-1.5:2.0 eth1: register 'cdc_ether' at usb-3f980000.usb-1.5, CDC Ethernet Device, 94:10:3e:b8:fe:9d
Dec 06 16:16:18 RaspberryPi-Gateway kernel[271]: [    4.297130] usbcore: registered new interface driver cdc_ether
Dec 06 16:16:18 RaspberryPi-Gateway kernel[271]: [    4.415534] lirc_dev: IR Remote Control driver registered, major 244
Dec 06 16:16:18 RaspberryPi-Gateway kernel[271]: [    4.461582] gpiomem-bcm2835 3f200000.gpiomem: Initialised: Registers at 0x3f200000
Dec 06 16:16:18 RaspberryPi-Gateway kernel[271]: [    4.484806] bcm2835-wdt 3f100000.watchdog: Broadcom BCM2835 watchdog timer
Dec 06 16:16:18 RaspberryPi-Gateway kernel[271]: [    4.487794] lirc_rpi: module is from the staging directory, the quality is unknown, you have been warned.
Dec 06 16:16:18 RaspberryPi-Gateway kernel[271]: [    4.703295] random: nonblocking pool is initialized
Dec 06 16:16:18 RaspberryPi-Gateway kernel[271]: [    4.729671] usbcore: registered new interface driver brcmfmac
Dec 06 16:16:18 RaspberryPi-Gateway kernel[271]: [    4.855847] brcmfmac: brcmf_c_preinit_dcmds: Firmware version = wl0: Aug 29 2016 20:48:16 version 7.45.41.26 (r640327) FWID 01-4527cfab
Dec 06 16:16:18 RaspberryPi-Gateway kernel[271]: [    4.893913] brcmfmac: brcmf_cfg80211_reg_notifier: not a ISO3166 code
Dec 06 16:16:18 RaspberryPi-Gateway kernel[271]: [    5.148211] brcmfmac: brcmf_cfg80211_reg_notifier: not a ISO3166 code
Dec 06 16:16:18 RaspberryPi-Gateway kernel[271]: [    5.154828] cfg80211: World regulatory domain updated:
Dec 06 16:16:18 RaspberryPi-Gateway kernel[271]: [    5.160040] cfg80211:  DFS Master region: unset
Dec 06 16:16:18 RaspberryPi-Gateway kernel[271]: [    5.164499] cfg80211:   (start_freq - end_freq @ bandwidth), (max_antenna_gain, max_eirp), (dfs_cac_time)
Dec 06 16:16:18 RaspberryPi-Gateway kernel[271]: [    5.174416] cfg80211:   (2402000 KHz - 2472000 KHz @ 40000 KHz), (N/A, 2000 mBm), (N/A)
Dec 06 16:16:18 RaspberryPi-Gateway kernel[271]: [    5.182565] cfg80211:   (2457000 KHz - 2482000 KHz @ 20000 KHz, 92000 KHz AUTO), (N/A, 2000 mBm), (N/A)
Dec 06 16:16:18 RaspberryPi-Gateway kernel[271]: [    5.192116] cfg80211:   (2474000 KHz - 2494000 KHz @ 20000 KHz), (N/A, 2000 mBm), (N/A)
Dec 06 16:16:18 RaspberryPi-Gateway kernel[271]: [    5.200325] cfg80211:   (5170000 KHz - 5250000 KHz @ 80000 KHz, 160000 KHz AUTO), (N/A, 2000 mBm), (N/A)
Dec 06 16:16:18 RaspberryPi-Gateway kernel[271]: [    5.200335] cfg80211:   (5250000 KHz - 5330000 KHz @ 80000 KHz, 160000 KHz AUTO), (N/A, 2000 mBm), (0 s)
Dec 06 16:16:18 RaspberryPi-Gateway kernel[271]: [    5.200342] cfg80211:   (5490000 KHz - 5730000 KHz @ 160000 KHz), (N/A, 2000 mBm), (0 s)
Dec 06 16:16:18 RaspberryPi-Gateway kernel[271]: [    5.200355] cfg80211:   (5735000 KHz - 5835000 KHz @ 80000 KHz), (N/A, 2000 mBm), (N/A)
Dec 06 16:16:18 RaspberryPi-Gateway kernel[271]: [    5.200362] cfg80211:   (57240000 KHz - 63720000 KHz @ 2160000 KHz), (N/A, 0 mBm), (N/A)
Dec 06 16:16:18 RaspberryPi-Gateway kernel[271]: [    5.443388] lirc_rpi: auto-detected active high receiver on GPIO pin 18
Dec 06 16:16:18 RaspberryPi-Gateway kernel[271]: [    5.450608] lirc_rpi lirc_rpi: lirc_dev: driver lirc_rpi registered at minor = 0
Dec 06 16:16:18 RaspberryPi-Gateway kernel[271]: [    5.458185] lirc_rpi: driver registered!
Dec 06 16:16:18 RaspberryPi-Gateway syscfg_create[322]: 2017-12-06  16:16:18., ../../../../git/source/syscfg/lib/syscfg_lib.c:405, Enter in function syscfg_create
Dec 06 16:16:18 RaspberryPi-Gateway syscfg_create[322]: 2017-12-06  16:16:18., ../../../../git/source/syscfg/lib/syscfg_lib.c:422, creating shared memory with store type 0, path /nvram/syscfg.db, size 51200, hdr size 0
Dec 06 16:16:18 RaspberryPi-Gateway UTOPIA[329]: 2017-12-06  16:16:18., ../../../../git/source/syscfg/lib/syscfg_lib.c:504, entering syscfg_init
Dec 06 16:16:18 RaspberryPi-Gateway UTOPIA[331]: 2017-12-06  16:16:18., ../../../../git/source/syscfg/lib/syscfg_lib.c:504, entering syscfg_init
Dec 06 16:16:18 RaspberryPi-Gateway UTOPIA[332]: 2017-12-06  16:16:18., ../../../../git/source/syscfg/lib/syscfg_lib.c:504, entering syscfg_init
Dec 06 16:16:18 RaspberryPi-Gateway UTOPIA[332]: system.syscfg commit to store
Dec 06 16:16:18 RaspberryPi-Gateway UTOPIA[340]: 2017-12-06  16:16:18., ../../../../git/source/syscfg/lib/syscfg_lib.c:504, entering syscfg_init
Dec 06 16:16:18 RaspberryPi-Gateway sh[294]: tdk_firewall_service.sh: v4 rule is missing in iptables, adding now
Dec 06 16:16:18 RaspberryPi-Gateway UTOPIA[352]: system.utctx Utopia_Init: Initializing
Dec 06 16:16:18 RaspberryPi-Gateway UTOPIA[352]: system.utctx UtopiaRWLock_Init: Initializing...
Dec 06 16:16:18 RaspberryPi-Gateway UTOPIA[352]: 2017-12-06  16:16:18., ../../../../git/source/syscfg/lib/syscfg_lib.c:504, entering syscfg_init
Dec 06 16:16:18 RaspberryPi-Gateway UTOPIA[352]: system.utctx UtopiaRWLock_ReadLock: Acquring read lock...
Dec 06 16:16:18 RaspberryPi-Gateway UTOPIA[352]: system.utctx UtopiaRWLock_ReadLock: Acquring read lock...
Dec 06 16:16:18 RaspberryPi-Gateway UTOPIA[352]: system.utctx Utopia_Free: Freeing
Dec 06 16:16:18 RaspberryPi-Gateway UTOPIA[352]: system.utctx UtopiaRWLock_Free: Freeing lock...
Dec 06 16:16:18 RaspberryPi-Gateway kernel: ip_tables: (C) 2000-2006 Netfilter Core Team
Dec 06 16:16:18 RaspberryPi-Gateway kernel[271]: [    6.086009] ip_tables: (C) 2000-2006 Netfilter Core Team
Dec 06 16:16:18 RaspberryPi-Gateway kernel: syseventd (363): /proc/363/oom_adj is deprecated, please use /proc/363/oom_score_adj instead.
Dec 06 16:16:18 RaspberryPi-Gateway kernel[271]: [    6.114401] syseventd (363): /proc/363/oom_adj is deprecated, please use /proc/363/oom_score_adj instead.
Dec 06 16:16:18 RaspberryPi-Gateway UTOPIA[363]: 2017-12-06  16:16:18., ../../../../git/source/syscfg/lib/syscfg_lib.c:504, entering syscfg_init
Dec 06 16:16:18 RaspberryPi-Gateway UTOPIA[363]: system.sysevent syseventd started.
Dec 06 16:16:18 RaspberryPi-Gateway UTOPIA[369]: system.sysevent Starting fork helper process syseventd_fork_helper
Dec 06 16:16:18 RaspberryPi-Gateway sh[294]: tdk_firewall_service.sh: v6 rule is missing in ip6tables, adding now
Dec 06 16:16:18 RaspberryPi-Gateway UTOPIA[383]: system.sysevent syseventd fork helper started using pipe 10
Dec 06 16:16:18 RaspberryPi-Gateway kernel: ip6_tables: (C) 2000-2006 Netfilter Core Team
Dec 06 16:16:18 RaspberryPi-Gateway kernel[271]: [    6.181860] ip6_tables: (C) 2000-2006 Netfilter Core Team
Dec 06 16:16:18 RaspberryPi-Gateway sh[294]: 12-06-2017 16:16:18.517053 [main():1178]
Dec 06 16:16:18 RaspberryPi-Gateway sh[294]: Process Group Id : 327
Dec 06 16:16:18 RaspberryPi-Gateway snmpd[243]: error finding row index in _ifXTable_container_row_restore
Dec 06 16:16:18 RaspberryPi-Gateway snmpd[243]: error finding row index in _ifXTable_container_row_restore
Dec 06 16:16:18 RaspberryPi-Gateway snmpd[243]: error finding row index in _ifXTable_container_row_restore
Dec 06 16:16:18 RaspberryPi-Gateway snmpd[243]: NET-SNMP version 5.7.3
Dec 06 16:16:18 RaspberryPi-Gateway systemd[1]: Started Simple Network Management Protocol (SNMP) Daemon..
-- Subject: Unit snmpd.service has finished start-up
-- Defined-By: systemd
-- Support: http://lists.freedesktop.org/mailman/listinfo/systemd-devel
-- 
-- Unit snmpd.service has finished starting up.
-- 
-- The start-up result is done.
Dec 06 16:16:18 RaspberryPi-Gateway systemd[1]: Reached target Sound Card.
-- Subject: Unit sound.target has finished start-up
-- Defined-By: systemd
-- Support: http://lists.freedesktop.org/mailman/listinfo/systemd-devel
-- 
-- Unit sound.target has finished starting up.
-- 
-- The start-up result is done.
Dec 06 16:16:18 RaspberryPi-Gateway systemd-logind[216]: New seat seat0.
-- Subject: A new seat seat0 is now available
-- Defined-By: systemd
-- Support: http://lists.freedesktop.org/mailman/listinfo/systemd-devel
-- Documentation: http://www.freedesktop.org/wiki/Software/systemd/multiseat
-- 
-- A new seat seat0 has been configured and is now available.
Dec 06 16:16:18 RaspberryPi-Gateway systemd[1]: Started Serial Getty on ttyAMA0.
-- Subject: Unit serial-getty@ttyAMA0.service has finished start-up
-- Defined-By: systemd
-- Support: http://lists.freedesktop.org/mailman/listinfo/systemd-devel
-- 
-- Unit serial-getty@ttyAMA0.service has finished starting up.
-- 
-- The start-up result is done.
Dec 06 16:16:18 RaspberryPi-Gateway PsmSsp[250]: eRT.com.cisco.spvtg.ccsp.psm start to check eRT.com.cisco.spvtg.ccsp.CR status
Dec 06 16:16:18 RaspberryPi-Gateway systemd[1]: Started Getty on tty1.
-- Subject: Unit getty@tty1.service has finished start-up
-- Defined-By: systemd
-- Support: http://lists.freedesktop.org/mailman/listinfo/systemd-devel
-- 
-- Unit getty@tty1.service has finished starting up.
-- 
-- The start-up result is done.
Dec 06 16:16:19 RaspberryPi-Gateway systemd[1]: Started Serial Getty on ttyS0.
-- Subject: Unit serial-getty@ttyS0.service has finished start-up
-- Defined-By: systemd
-- Support: http://lists.freedesktop.org/mailman/listinfo/systemd-devel
-- 
-- Unit serial-getty@ttyS0.service has finished starting up.
-- 
-- The start-up result is done.
Dec 06 16:16:19 RaspberryPi-Gateway systemd[1]: Reached target Login Prompts.
-- Subject: Unit getty.target has finished start-up
-- Defined-By: systemd
-- Support: http://lists.freedesktop.org/mailman/listinfo/systemd-devel
-- 
-- Unit getty.target has finished starting up.
-- 
-- The start-up result is done.
Dec 06 16:16:19 RaspberryPi-Gateway systemd[1]: Started Login Service.
-- Subject: Unit systemd-logind.service has finished start-up
-- Defined-By: systemd
-- Support: http://lists.freedesktop.org/mailman/listinfo/systemd-devel
-- 
-- Unit systemd-logind.service has finished starting up.
-- 
-- The start-up result is done.
Dec 06 16:16:19 RaspberryPi-Gateway systemd[1]: Started CcspCrSsp service.
-- Subject: Unit CcspCrSsp.service has finished start-up
-- Defined-By: systemd
-- Support: http://lists.freedesktop.org/mailman/listinfo/systemd-devel
-- 
-- Unit CcspCrSsp.service has finished starting up.
-- 
-- The start-up result is done.
Dec 06 16:16:19 RaspberryPi-Gateway UTOPIA[413]: 2017-12-06  16:16:19., ../../../../git/source/syscfg/lib/syscfg_lib.c:504, entering syscfg_init
Dec 06 16:16:19 RaspberryPi-Gateway UTOPIA[413]: system.syscfg commit to store
Dec 06 16:16:19 RaspberryPi-Gateway UTOPIA[414]: 2017-12-06  16:16:19., ../../../../git/source/syscfg/lib/syscfg_lib.c:504, entering syscfg_init
Dec 06 16:16:19 RaspberryPi-Gateway UTOPIA[417]: 2017-12-06  16:16:19., ../../../../git/source/syscfg/lib/syscfg_lib.c:504, entering syscfg_init
Dec 06 16:16:19 RaspberryPi-Gateway UTOPIA[418]: 2017-12-06  16:16:19., ../../../../git/source/syscfg/lib/syscfg_lib.c:504, entering syscfg_init
Dec 06 16:16:19 RaspberryPi-Gateway UTOPIA[419]: 2017-12-06  16:16:19., ../../../../git/source/syscfg/lib/syscfg_lib.c:504, entering syscfg_init
Dec 06 16:16:19 RaspberryPi-Gateway UTOPIA[438]: service.info Registered bridge for bridge-start using /etc/utopia/service.d/service_bridge.sh
Dec 06 16:16:19 RaspberryPi-Gateway UTOPIA[438]: service.info Registered bridge for bridge-stop using /etc/utopia/service.d/service_bridge.sh
Dec 06 16:16:19 RaspberryPi-Gateway UTOPIA[438]: service.info Registered bridge for bridge-restart using /etc/utopia/service.d/service_bridge.sh
Dec 06 16:16:19 RaspberryPi-Gateway kernel: 8021q: 802.1Q VLAN Support v1.8
Dec 06 16:16:19 RaspberryPi-Gateway kernel[271]: [    7.339764] 8021q: 802.1Q VLAN Support v1.8
Dec 06 16:16:19 RaspberryPi-Gateway UTOPIA[443]: service.info Registered forwarding for forwarding-start using /etc/utopia/service.d/service_forwarding.sh
Dec 06 16:16:19 RaspberryPi-Gateway UTOPIA[443]: service.info Registered forwarding for forwarding-stop using /etc/utopia/service.d/service_forwarding.sh
Dec 06 16:16:19 RaspberryPi-Gateway UTOPIA[443]: service.info Registered forwarding for forwarding-restart using /etc/utopia/service.d/service_forwarding.sh
Dec 06 16:16:19 RaspberryPi-Gateway UTOPIA[446]: 2017-12-06  16:16:19., ../../../../git/source/syscfg/lib/syscfg_lib.c:504, entering syscfg_init
Dec 06 16:16:19 RaspberryPi-Gateway UTOPIA[447]: service.info Registered ipv4 for ipv4-start using /etc/utopia/service.d/service_ipv4.sh
Dec 06 16:16:19 RaspberryPi-Gateway UTOPIA[447]: service.info Registered ipv4 for ipv4-stop using /etc/utopia/service.d/service_ipv4.sh
Dec 06 16:16:19 RaspberryPi-Gateway UTOPIA[447]: service.info Registered ipv4 for ipv4-restart using /etc/utopia/service.d/service_ipv4.sh
Dec 06 16:16:19 RaspberryPi-Gateway UTOPIA[447]: service.info Registered ipv4 for ipv4-resyncAll using /etc/utopia/service.d/service_ipv4.sh
Dec 06 16:16:19 RaspberryPi-Gateway UTOPIA[447]: service.info Registered ipv4 for ipv4-resync using /etc/utopia/service.d/service_ipv4.sh
Dec 06 16:16:19 RaspberryPi-Gateway UTOPIA[447]: service.info Registered ipv4 for ipv4-down using /etc/utopia/service.d/service_ipv4.sh
Dec 06 16:16:19 RaspberryPi-Gateway UTOPIA[447]: service.info Registered ipv4 for ipv4-up using /etc/utopia/service.d/service_ipv4.sh
Dec 06 16:16:19 RaspberryPi-Gateway UTOPIA[447]: service.info Registered ipv4 for ipv4-set_dyn_config using /etc/utopia/service.d/service_ipv4.sh
Dec 06 16:16:19 RaspberryPi-Gateway UTOPIA[447]: service.info Registered ipv4 for ipv4-sync_tsip_all using /etc/utopia/service.d/service_ipv4.sh
Dec 06 16:16:19 RaspberryPi-Gateway UTOPIA[447]: service.info Registered ipv4 for[  128.419238] CcspLMLite[3476]: LMlite-CLIENT <Hosts_AddHostByPhysAddress> <963> : Connected Mac = 30:30:31:31:30:31 ipv4-stop_tsip_all using /etc/utopia/service.d/service_ipv4.sh
Dec 06 16:16:19 RaspberryPi-Gateway UTOPIA[447]: service.info Registered ipv4 for ipv4-resync_tsip using /etc/utopia/service.d/service_ipv4.sh
Dec 06 16:16:19 RaspberryPi-Gateway UTOPIA[447]: service.info Registered ipv4 for ipv4-resync_tsip_asn using /etc/utopia/service.d/service_ipv4.sh
Dec 06 16:16:19 RaspberryPi-Gateway UTOPIA[480]: service.info Registered lan for lan-start using /etc/utopia/service.d/lan_handler.sh
Dec 06 16:16:19 RaspberryPi-Gateway UTOPIA[480]: service.info Registered lan for lan-stop using /etc/utopia/service.d/lan_handler.sh
Dec 06 16:16:19 RaspberryPi-Gateway UTOPIA[480]: service.info Registered lan for lan-restart using /etc/utopia/service.d/lan_handler.sh
Dec 06 16:16:19 RaspberryPi-Gateway UTOPIA[480]: service.info Registered lan for pnm-status using /etc/utopia/service.d/lan_handler.sh
Dec 06 16:16:19 RaspberryPi-Gateway UTOPIA[480]: service.info Registered lan for bring-lan using /etc/utopia/service.d/lan_handler.sh
Dec 06 16:16:19 RaspberryPi-Gateway UTOPIA[480]: service.info Registered lan for iot_status using /etc/utopia/service.d/lan_handler.sh
Dec 06 16:16:19 RaspberryPi-Gateway UTOPIA[480]: service.info Registered lan for ipv4-resync using /etc/utopia/service.d/lan_handler.sh
Dec 06 16:16:19 RaspberryPi-Gateway UTOPIA[480]: service.info Registered lan for erouter_mode-updated using /etc/utopia/service.d/lan_handler.sh
Dec 06 16:16:19 RaspberryPi-Gateway UTOPIA[483]: service.info Registered multinet for multinet-start using /etc/utopia/service.d/service_multinet_exec
Dec 06 16:16:19 RaspberryPi-Gateway UTOPIA[483]: service.info Registered multinet for multinet-stop using /etc/utopia/service.d/service_multinet_exec
Dec 06 16:16:19 RaspberryPi-Gateway UTOPIA[483]: service.info Registered multinet for multinet-restart using /etc/utopia/service.d/service_multinet_exec
Dec 06 16:16:19 RaspberryPi-Gateway UTOPIA[483]: service.info Registered multinet for multinet-syncNets using /etc/utopia/service.d/service_multinet_exec
Dec 06 16:16:19 RaspberryPi-Gateway UTOPIA[483]: service.info Registered multinet for multinet-syncMembers using /etc/utopia/service.d/service_multinet_exec
Dec 06 16:16:19 RaspberryPi-Gateway UTOPIA[483]: service.info Registered multinet for multinet-down using /etc/utopia/service.d/service_multinet_exec
Dec 06 16:16:19 RaspberryPi-Gateway UTOPIA[483]: service.info Registered multinet for multinet-up using /etc/utopia/service.d/service_multinet_exec
Dec 06 16:16:19 RaspberryPi-Gateway UTOPIA[483]: service.info Registered multinet for sw_ext_restore using /etc/utopia/service.d/service_multinet/handle_sw.sh
Dec 06 16:16:19 RaspberryPi-Gateway UTOPIA[492]: service.info Registered wan for wan-start using /etc/utopia/service.d/service_wan.sh
Dec 06 16:16:19 RaspberryPi-Gateway UTOPIA[492]: service.info Registered wan for wan-stop using /etc/utopia/service.d/service_wan.sh
Dec 06 16:16:19 RaspberryPi-Gateway UTOPIA[492]: service.info Registered wan for wan-restart using /etc/utopia/service.d/service_wan.sh
Dec 06 16:16:19 RaspberryPi-Gateway UTOPIA[492]: service.info Unregistered wan from wan-restart
Dec 06 16:16:19 RaspberryPi-Gateway UTOPIA[492]: service.info Registered wan for wan-restart using /etc/utopia/service.d/service_wan.sh
Dec 06 16:16:19 RaspberryPi-Gateway UTOPIA[492]: service.info Registered wan for erouter_mode-updated using /etc/utopia/service.d/service_wan.sh
Dec 06 16:16:19 RaspberryPi-Gateway UTOPIA[492]: service.info Registered wan for dhcp_client-restart using /etc/utopia/service.d/service_wan.sh
Dec 06 16:16:19 RaspberryPi-Gateway UTOPIA[492]: service.info Registered wan for dhcp_client-release using /etc/utopia/service.d/service_wan.sh
Dec 06 16:16:19 RaspberryPi-Gateway UTOPIA[492]: service.info Registered wan for dhcp_client-renew using /etc/utopia/service.d/service_wan.sh
